Using pre-set license
Built from '2022.3/staging' branch; Version is '2022.3.54f1 (129125d4e700) revision 1216805'; Using compiler version '192829333'; Build Type 'Release'
OS: 'Windows 11  (10.0.26100) 64bit Core' Language: 'en' Physical Memory: 15774 MB
BatchMode: 1, IsHumanControllingUs: 0, StartBugReporterOnCrash: 0, Is64bit: 1, IsPro: 1

COMMAND LINE ARGUMENTS:
C:\Program Files\Unity\Hub\Editor\2022.3.54f1\Editor\Unity.exe
-adb2
-batchMode
-noUpm
-name
AssetImportWorker30
-projectPath
C:/Users/hella/Desktop/AV
-logFile
Logs/AssetImportWorker30.log
-srvPort
51502
Successfully changed project path to: C:/Users/hella/Desktop/AV
C:/Users/hella/Desktop/AV
[UnityMemory] Configuration Parameters - Can be set up in boot.config
    "memorysetup-bucket-allocator-granularity=16"
    "memorysetup-bucket-allocator-bucket-count=8"
    "memorysetup-bucket-allocator-block-size=33554432"
    "memorysetup-bucket-allocator-block-count=8"
    "memorysetup-main-allocator-block-size=16777216"
    "memorysetup-thread-allocator-block-size=16777216"
    "memorysetup-gfx-main-allocator-block-size=16777216"
    "memorysetup-gfx-thread-allocator-block-size=16777216"
    "memorysetup-cache-allocator-block-size=4194304"
    "memorysetup-typetree-allocator-block-size=2097152"
    "memorysetup-profiler-bucket-allocator-granularity=16"
    "memorysetup-profiler-bucket-allocator-bucket-count=8"
    "memorysetup-profiler-bucket-allocator-block-size=33554432"
    "memorysetup-profiler-bucket-allocator-block-count=8"
    "memorysetup-profiler-allocator-block-size=16777216"
    "memorysetup-profiler-editor-allocator-block-size=1048576"
    "memorysetup-temp-allocator-size-main=16777216"
    "memorysetup-job-temp-allocator-block-size=2097152"
    "memorysetup-job-temp-allocator-block-size-background=1048576"
    "memorysetup-job-temp-allocator-reduction-small-platforms=262144"
    "memorysetup-allocator-temp-initial-block-size-main=262144"
    "memorysetup-allocator-temp-initial-block-size-worker=262144"
    "memorysetup-temp-allocator-size-background-worker=32768"
    "memorysetup-temp-allocator-size-job-worker=262144"
    "memorysetup-temp-allocator-size-preload-manager=33554432"
    "memorysetup-temp-allocator-size-nav-mesh-worker=65536"
    "memorysetup-temp-allocator-size-audio-worker=65536"
    "memorysetup-temp-allocator-size-cloud-worker=32768"
    "memorysetup-temp-allocator-size-gi-baking-worker=262144"
    "memorysetup-temp-allocator-size-gfx=262144"
Player connection [46088]  Target information:

Player connection [46088]  * "[IP] 192.168.178.22 [Port] 0 [Flags] 2 [Guid] 1562730441 [EditorId] 1562730441 [Version] 1048832 [Id] WindowsEditor(7,LAPTOP-PTV38B4Q) [Debug] 1 [PackageName] WindowsEditor [ProjectName] Editor" 

Player connection [46088] Host joined multi-casting on [225.0.0.222:54997]...
Player connection [46088] Host joined alternative multi-casting on [225.0.0.222:34997]...
[PhysX] Initialized MultithreadedTaskDispatcher with 16 workers.
Refreshing native plugins compatible for Editor in 42.50 ms, found 23 plugins.
Preloading 3 native plugins for Editor in 3.98 ms.
Initialize engine version: 2022.3.54f1 (129125d4e700)
[Subsystems] Discovering subsystems at path C:/Program Files/Unity/Hub/Editor/2022.3.54f1/Editor/Data/Resources/UnitySubsystems
[Subsystems] Discovering subsystems at path C:/Users/hella/Desktop/AV/Assets
GfxDevice: creating device client; threaded=0; jobified=0
Direct3D:
    Version:  Direct3D 11.0 [level 11.1]
    Renderer: NVIDIA GeForce RTX 3060 Laptop GPU (ID=0x2520)
    Vendor:   NVIDIA
    VRAM:     5996 MB
    Driver:   32.0.15.7216
Initialize mono
Mono path[0] = 'C:/Program Files/Unity/Hub/Editor/2022.3.54f1/Editor/Data/Managed'
Mono path[1] = 'C:/Program Files/Unity/Hub/Editor/2022.3.54f1/Editor/Data/MonoBleedingEdge/lib/mono/unityjit-win32'
Mono config path = 'C:/Program Files/Unity/Hub/Editor/2022.3.54f1/Editor/Data/MonoBleedingEdge/etc'
Using monoOptions --debugger-agent=transport=dt_socket,embedding=1,server=y,suspend=n,address=127.0.0.1:56372
Begin MonoManager ReloadAssembly
Registering precompiled unity dll's ...
Register platform support module: C:/Program Files/Unity/Hub/Editor/2022.3.54f1/Editor/Data/PlaybackEngines/WebGLSupport/UnityEditor.WebGL.Extensions.dll
Register platform support module: C:/Program Files/Unity/Hub/Editor/2022.3.54f1/Editor/Data/PlaybackEngines/AndroidPlayer/UnityEditor.Android.Extensions.dll
Register platform support module: C:/Program Files/Unity/Hub/Editor/2022.3.54f1/Editor/Data/PlaybackEngines/iOSSupport/UnityEditor.iOS.Extensions.dll
Register platform support module: C:/Program Files/Unity/Hub/Editor/2022.3.54f1/Editor/Data/PlaybackEngines/WindowsStandaloneSupport/UnityEditor.WindowsStandalone.Extensions.dll
Registered in 0.012101 seconds.
- Loaded All Assemblies, in  0.491 seconds
Native extension for WindowsStandalone target not found
[usbmuxd] Start listen thread
[usbmuxd] Listen thread started
Native extension for iOS target not found
Native extension for Android target not found
Android Extension - Scanning For ADB Devices 496 ms
Native extension for WebGL target not found
Mono: successfully reloaded assembly
- Finished resetting the current domain, in  0.887 seconds
Domain Reload Profiling: 1375ms
	BeginReloadAssembly (105ms)
		ExecutionOrderSort (0ms)
		DisableScriptedObjects (0ms)
		BackupInstance (0ms)
		ReleaseScriptingObjects (0ms)
		CreateAndSetChildDomain (1ms)
	RebuildCommonClasses (30ms)
	RebuildNativeTypeToScriptingClass (9ms)
	initialDomainReloadingComplete (60ms)
	LoadAllAssembliesAndSetupDomain (285ms)
		LoadAssemblies (103ms)
		RebuildTransferFunctionScriptingTraits (0ms)
		AnalyzeDomain (282ms)
			TypeCache.Refresh (280ms)
				TypeCache.ScanAssembly (257ms)
			ScanForSourceGeneratedMonoScriptInfo (1ms)
			ResolveRequiredComponents (1ms)
	FinalizeReload (887ms)
		ReleaseScriptCaches (0ms)
		RebuildScriptCaches (0ms)
		SetupLoadedEditorAssemblies (828ms)
			LogAssemblyErrors (0ms)
			InitializePlatformSupportModulesInManaged (635ms)
			SetLoadedEditorAssemblies (5ms)
			RefreshPlugins (0ms)
			BeforeProcessingInitializeOnLoad (3ms)
			ProcessInitializeOnLoadAttributes (137ms)
			ProcessInitializeOnLoadMethodAttributes (46ms)
			AfterProcessingInitializeOnLoad (0ms)
			EditorAssembliesLoaded (0ms)
		ExecutionOrderSort2 (0ms)
		AwakeInstancesAfterBackupRestoration (0ms)
========================================================================
Worker process is ready to serve import requests
Caller must complete domain reload
Begin MonoManager ReloadAssembly
- Loaded All Assemblies, in  1.134 seconds
Native extension for WindowsStandalone target not found
Native extension for iOS target not found
Native extension for Android target not found
Native extension for WebGL target not found
Package Manager log level set to [2]
[Package Manager] Server::EnsureServerProcessIsRunning -- launch failed, reason: Unity was launched with the -noUpm command-line argument
[Package Manager] UpmClient::Send -- Unable to send message (not connected to UPM process).
[Package Manager] Cannot connect to Unity Package Manager local server
PXRLog [Build Check]RegisterBuildPlayerHandler,Already Do not show: False
UnityEngine.StackTraceUtility:ExtractStackTrace ()
UnityEngine.DebugLogHandler:LogFormat (UnityEngine.LogType,UnityEngine.Object,string,object[])
UnityEngine.Logger:Log (UnityEngine.LogType,object)
UnityEngine.Debug:Log (object)
Unity.XR.PXR.Editor.PXR_SDKBuildCheck:.cctor () (at C:/Users/hella/Downloads/Pico Integration/Editor/PXR_SDKBuildCheck.cs:30)
System.Runtime.CompilerServices.RuntimeHelpers:RunClassConstructor (System.RuntimeTypeHandle)
UnityEditor.EditorAssemblies:ProcessInitializeOnLoadAttributes (System.Type[])

(Filename: C:/Users/hella/Downloads/Pico Integration/Editor/PXR_SDKBuildCheck.cs Line: 30)

System.Reflection.TargetInvocationException: Exception has been thrown by the target of an invocation. ---> System.NullReferenceException: Object reference not set to an instance of an object
  at Unity.XR.Oculus.OculusLoader.AssetPathToAbsolutePath (System.String assetPath) [0x00041] in .\Library\PackageCache\com.unity.xr.oculus@4.4.0\Runtime\OculusLoader.cs:307 
  at Unity.XR.Oculus.OculusLoader.EditorLoadOVRPlugin () [0x000dd] in .\Library\PackageCache\com.unity.xr.oculus@4.4.0\Runtime\OculusLoader.cs:292 
  at (wrapper managed-to-native) System.Reflection.RuntimeMethodInfo.InternalInvoke(System.Reflection.RuntimeMethodInfo,object,object[],System.Exception&)
  at System.Reflection.RuntimeMethodInfo.Invoke (System.Object obj, System.Reflection.BindingFlags invokeAttr, System.Reflection.Binder binder, System.Object[] parameters, System.Globalization.CultureInfo culture) [0x0006a] in <819cf46d02f74ba4ae2d757a73aa5ae9>:0 
   --- End of inner exception stack trace ---
  at System.Reflection.RuntimeMethodInfo.Invoke (System.Object obj, System.Reflection.BindingFlags invokeAttr, System.Reflection.Binder binder, System.Object[] parameters, System.Globalization.CultureInfo culture) [0x00083] in <819cf46d02f74ba4ae2d757a73aa5ae9>:0 
  at System.Reflection.MethodBase.Invoke (System.Object obj, System.Object[] parameters) [0x00000] in <819cf46d02f74ba4ae2d757a73aa5ae9>:0 
  at UnityEditor.EditorAssemblies.ProcessInitializeOnLoadMethodAttributes () [0x000a5] in <1a495ea831cb41c29219448a6a4f8f8c>:0 
UnityEngine.StackTraceUtility:ExtractStackTrace ()
UnityEngine.DebugLogHandler:LogFormat (UnityEngine.LogType,UnityEngine.Object,string,object[])
UnityEngine.Logger:Log (UnityEngine.LogType,object)
UnityEngine.Debug:LogError (object)
UnityEditor.EditorAssemblies:ProcessInitializeOnLoadMethodAttributes ()

Mono: successfully reloaded assembly
[Package Manager] Server::EnsureServerProcessIsRunning -- launch failed, reason: Unity was launched with the -noUpm command-line argument
[Package Manager] UpmClient::Send -- Unable to send message (not connected to UPM process).
[Package Manager] Cannot connect to Unity Package Manager local server
[Package Manager] Server::EnsureServerProcessIsRunning -- launch failed, reason: Unity was launched with the -noUpm command-line argument
[Package Manager] UpmClient::Send -- Unable to send message (not connected to UPM process).
[Package Manager] Cannot connect to Unity Package Manager local server
- Finished resetting the current domain, in  1.452 seconds
Domain Reload Profiling: 2579ms
	BeginReloadAssembly (140ms)
		ExecutionOrderSort (0ms)
		DisableScriptedObjects (5ms)
		BackupInstance (0ms)
		ReleaseScriptingObjects (0ms)
		CreateAndSetChildDomain (22ms)
	RebuildCommonClasses (28ms)
	RebuildNativeTypeToScriptingClass (10ms)
	initialDomainReloadingComplete (47ms)
	LoadAllAssembliesAndSetupDomain (902ms)
		LoadAssemblies (628ms)
		RebuildTransferFunctionScriptingTraits (0ms)
		AnalyzeDomain (356ms)
			TypeCache.Refresh (289ms)
				TypeCache.ScanAssembly (268ms)
			ScanForSourceGeneratedMonoScriptInfo (52ms)
			ResolveRequiredComponents (12ms)
	FinalizeReload (1452ms)
		ReleaseScriptCaches (0ms)
		RebuildScriptCaches (0ms)
		SetupLoadedEditorAssemblies (1255ms)
			LogAssemblyErrors (0ms)
			InitializePlatformSupportModulesInManaged (30ms)
			SetLoadedEditorAssemblies (10ms)
			RefreshPlugins (0ms)
			BeforeProcessingInitializeOnLoad (205ms)
			ProcessInitializeOnLoadAttributes (876ms)
			ProcessInitializeOnLoadMethodAttributes (127ms)
			AfterProcessingInitializeOnLoad (7ms)
			EditorAssembliesLoaded (0ms)
		ExecutionOrderSort2 (0ms)
		AwakeInstancesAfterBackupRestoration (6ms)
Launched and connected shader compiler UnityShaderCompiler.exe after 0.04 seconds
Refreshing native plugins compatible for Editor in 46.35 ms, found 23 plugins.
Preloading 3 native plugins for Editor in 0.40 ms.
Unloading 8570 Unused Serialized files (Serialized files now loaded: 0)
Unloading 176 unused Assets / (3.8 MB). Loaded Objects now: 9017.
Memory consumption went from 334.1 MB to 330.3 MB.
Total: 16.418700 ms (FindLiveObjects: 1.565300 ms CreateObjectMapping: 0.993100 ms MarkObjects: 10.093200 ms  DeleteObjects: 3.765400 ms)

AssetImportParameters requested are different than current active one (requested -> active):
  custom:container-demuxer-ogg: 62fdf1f143b41e24485cea50d1cbac27 -> 
  custom:framework-win-MediaFoundation: 216162199b28c13a410421893ffa2e32 -> 
  custom:container-muxer-webm: aa71ff27fc2769a1b78a27578f13a17b -> 
  custom:video-decoder-webm-vp8: 9c59270c3fd7afecdb556c50c9e8de78 -> 
  custom:SearchIndexIgnoredProperties: e643bd26f0fe6173181afceb89e7c659 -> 
  custom:AudioImporter_EditorPlatform: d09bf68614088b80899f8185d706f6e7 -> 
  custom:audio-decoder-ogg-vorbis: bf7c407c2cedff20999df2af8eb42d56 -> 
  custom:audio-encoder-webm-vorbis: bf7c407c2cedff20999df2af8eb42d56 -> 
  custom:video-decoder-ogg-theora: a1e56fd34408186e4bbccfd4996cb3dc -> 
  custom:CustomObjectIndexerAttribute: 3ead1caaecf1c488f20bcfeb224b6af5 -> 
  custom:container-demuxer-webm: 4f35f7cbe854078d1ac9338744f61a02 -> 
  custom:video-encoder-webm-vp8: eb34c28f22e8b96e1ab97ce403110664 -> 
========================================================================
Received Import Request.
  Time since last request: 376147.864758 seconds.
  path: Assets/Resources/PUW/Prefs/BillMachine 1.prefab
  artifactKey: Guid(deb35e48fab2af84c9d6dffcc403ebc5) Importer(815301076,1909f56bfc062723c751e8b465ee728b)
Start importing Assets/Resources/PUW/Prefs/BillMachine 1.prefab using Guid(deb35e48fab2af84c9d6dffcc403ebc5) Importer(815301076,1909f56bfc062723c751e8b465ee728b) [PhysX] Initialized MultithreadedTaskDispatcher with 16 workers.
[PhysX] Initialized MultithreadedTaskDispatcher with 16 workers.
 -> (artifact id: 'ffa8ac5b6b1caf83003879b46cfac5c5') in 0.574368 seconds
Number of updated asset objects reloaded before import = 0
Number of asset objects unloaded after import = 322
========================================================================
Received Import Request.
  Time since last request: 32.302931 seconds.
  path: Assets/Resources/PUW/Prefs/BillMachine.prefab
  artifactKey: Guid(70de51d48a444ba4c888a9c44bb8d331) Importer(815301076,1909f56bfc062723c751e8b465ee728b)
Start importing Assets/Resources/PUW/Prefs/BillMachine.prefab using Guid(70de51d48a444ba4c888a9c44bb8d331) Importer(815301076,1909f56bfc062723c751e8b465ee728b) [PhysX] Initialized MultithreadedTaskDispatcher with 16 workers.
[PhysX] Initialized MultithreadedTaskDispatcher with 16 workers.
 -> (artifact id: '30c7320055be639d107d491304bd8c66') in 0.254897 seconds
Number of updated asset objects reloaded before import = 0
Number of asset objects unloaded after import = 515
========================================================================
Received Import Request.
  Time since last request: 104.391892 seconds.
  path: Assets/Resources/PUW/Prefs/BillMachine.prefab
  artifactKey: Guid(70de51d48a444ba4c888a9c44bb8d331) Importer(815301076,1909f56bfc062723c751e8b465ee728b)
Start importing Assets/Resources/PUW/Prefs/BillMachine.prefab using Guid(70de51d48a444ba4c888a9c44bb8d331) Importer(815301076,1909f56bfc062723c751e8b465ee728b) [PhysX] Initialized MultithreadedTaskDispatcher with 16 workers.
 -> (artifact id: '204c96d03bbda0bd53214e3e777decea') in 0.026005 seconds
Number of updated asset objects reloaded before import = 0
Number of asset objects unloaded after import = 445
========================================================================
Received Import Request.
  Time since last request: 55.448349 seconds.
  path: Assets/Resources/PUW/Prefs/BillMachine 2.prefab
  artifactKey: Guid(7a9f246737502e64c86989ff85be07bc) Importer(815301076,1909f56bfc062723c751e8b465ee728b)
Start importing Assets/Resources/PUW/Prefs/BillMachine 2.prefab using Guid(7a9f246737502e64c86989ff85be07bc) Importer(815301076,1909f56bfc062723c751e8b465ee728b) [PhysX] Initialized MultithreadedTaskDispatcher with 16 workers.
[PhysX] Initialized MultithreadedTaskDispatcher with 16 workers.
 -> (artifact id: '67877f4c952766a4539e0a59c51f37b3') in 0.151923 seconds
Number of updated asset objects reloaded before import = 0
Number of asset objects unloaded after import = 304
========================================================================
Received Import Request.
  Time since last request: 13.670690 seconds.
  path: Assets/Resources/PUW/Prefs/BillMachine Variant 1.prefab
  artifactKey: Guid(7a9f246737502e64c86989ff85be07bc) Importer(815301076,1909f56bfc062723c751e8b465ee728b)
Start importing Assets/Resources/PUW/Prefs/BillMachine Variant 1.prefab using Guid(7a9f246737502e64c86989ff85be07bc) Importer(815301076,1909f56bfc062723c751e8b465ee728b) [PhysX] Initialized MultithreadedTaskDispatcher with 16 workers.
[PhysX] Initialized MultithreadedTaskDispatcher with 16 workers.
 -> (artifact id: '982280f2ebf596e9a47b336290227dcc') in 0.150754 seconds
Number of updated asset objects reloaded before import = 0
Number of asset objects unloaded after import = 304
========================================================================
Received Import Request.
  Time since last request: 7.796047 seconds.
  path: Assets/Resources/PUW/Prefs/BillMachine Variant 1.prefab
  artifactKey: Guid(7a9f246737502e64c86989ff85be07bc) Importer(815301076,1909f56bfc062723c751e8b465ee728b)
Start importing Assets/Resources/PUW/Prefs/BillMachine Variant 1.prefab using Guid(7a9f246737502e64c86989ff85be07bc) Importer(815301076,1909f56bfc062723c751e8b465ee728b) [PhysX] Initialized MultithreadedTaskDispatcher with 16 workers.
 -> (artifact id: 'a8f5c42cacf192da6ee6b88b45015192') in 0.022365 seconds
Number of updated asset objects reloaded before import = 0
Number of asset objects unloaded after import = 237
========================================================================
Received Import Request.
  Time since last request: 5.433179 seconds.
  path: Assets/Resources/PUW/Prefs/BillMachine Variant 1.prefab
  artifactKey: Guid(7a9f246737502e64c86989ff85be07bc) Importer(815301076,1909f56bfc062723c751e8b465ee728b)
Start importing Assets/Resources/PUW/Prefs/BillMachine Variant 1.prefab using Guid(7a9f246737502e64c86989ff85be07bc) Importer(815301076,1909f56bfc062723c751e8b465ee728b) [PhysX] Initialized MultithreadedTaskDispatcher with 16 workers.
 -> (artifact id: '7b6ec03e4cec06f821158b88b058b0a4') in 0.021190 seconds
Number of updated asset objects reloaded before import = 0
Number of asset objects unloaded after import = 236
========================================================================
Received Import Request.
  Time since last request: 3.306474 seconds.
  path: Assets/Resources/PUW/Prefs/BillMachine Variant 1.prefab
  artifactKey: Guid(7a9f246737502e64c86989ff85be07bc) Importer(815301076,1909f56bfc062723c751e8b465ee728b)
Start importing Assets/Resources/PUW/Prefs/BillMachine Variant 1.prefab using Guid(7a9f246737502e64c86989ff85be07bc) Importer(815301076,1909f56bfc062723c751e8b465ee728b) [PhysX] Initialized MultithreadedTaskDispatcher with 16 workers.
 -> (artifact id: 'b8116ddf1ea3865da7505726e6062d7a') in 0.021291 seconds
Number of updated asset objects reloaded before import = 0
Number of asset objects unloaded after import = 235
========================================================================
Received Import Request.
  Time since last request: 45.455082 seconds.
  path: Assets/Resources/PUW/Anim/billsAnimator.controller
  artifactKey: Guid(616ec9ad71a498f4e921802a4ce88da8) Importer(815301076,1909f56bfc062723c751e8b465ee728b)
Start importing Assets/Resources/PUW/Anim/billsAnimator.controller using Guid(616ec9ad71a498f4e921802a4ce88da8) Importer(815301076,1909f56bfc062723c751e8b465ee728b) [PhysX] Initialized MultithreadedTaskDispatcher with 16 workers.
 -> (artifact id: '4078b7b1bdc673088c1d265912903a25') in 0.055051 seconds
Number of updated asset objects reloaded before import = 0
Number of asset objects unloaded after import = 29
========================================================================
Received Import Request.
  Time since last request: 24.282624 seconds.
  path: Assets/Resources/PUW/Prefs/MysteryMachine.prefab
  artifactKey: Guid(378500db5d380f94a91c1b38fe493e7f) Importer(815301076,1909f56bfc062723c751e8b465ee728b)
Start importing Assets/Resources/PUW/Prefs/MysteryMachine.prefab using Guid(378500db5d380f94a91c1b38fe493e7f) Importer(815301076,1909f56bfc062723c751e8b465ee728b) [PhysX] Initialized MultithreadedTaskDispatcher with 16 workers.
[PhysX] Initialized MultithreadedTaskDispatcher with 16 workers.
 -> (artifact id: 'd6620b0d0c48ef998b7afb89979ff315') in 0.231782 seconds
Number of updated asset objects reloaded before import = 0
Number of asset objects unloaded after import = 731
========================================================================
Received Import Request.
  Time since last request: 13.646311 seconds.
  path: Assets/Resources/PUW/Prefs/MysteryMachine.prefab
  artifactKey: Guid(378500db5d380f94a91c1b38fe493e7f) Importer(815301076,1909f56bfc062723c751e8b465ee728b)
Start importing Assets/Resources/PUW/Prefs/MysteryMachine.prefab using Guid(378500db5d380f94a91c1b38fe493e7f) Importer(815301076,1909f56bfc062723c751e8b465ee728b) [PhysX] Initialized MultithreadedTaskDispatcher with 16 workers.
[PhysX] Initialized MultithreadedTaskDispatcher with 16 workers.
 -> (artifact id: '5fcdf73b9a06583156ca51c4a429c58f') in 0.232670 seconds
Number of updated asset objects reloaded before import = 0
Number of asset objects unloaded after import = 731
========================================================================
Received Import Request.
  Time since last request: 79.544857 seconds.
  path: Assets/Resources/PUW/Prefs/MysteryMachine.prefab
  artifactKey: Guid(378500db5d380f94a91c1b38fe493e7f) Importer(815301076,1909f56bfc062723c751e8b465ee728b)
Start importing Assets/Resources/PUW/Prefs/MysteryMachine.prefab using Guid(378500db5d380f94a91c1b38fe493e7f) Importer(815301076,1909f56bfc062723c751e8b465ee728b) [PhysX] Initialized MultithreadedTaskDispatcher with 16 workers.
[PhysX] Initialized MultithreadedTaskDispatcher with 16 workers.
 -> (artifact id: 'e40883cf875115fcb616c0e56539c6a5') in 0.209267 seconds
Number of updated asset objects reloaded before import = 0
Number of asset objects unloaded after import = 733
========================================================================
Received Import Request.
  Time since last request: 17.366652 seconds.
  path: Assets/Resources/PUW/Prefs/MysteryMachine.prefab
  artifactKey: Guid(378500db5d380f94a91c1b38fe493e7f) Importer(815301076,1909f56bfc062723c751e8b465ee728b)
Start importing Assets/Resources/PUW/Prefs/MysteryMachine.prefab using Guid(378500db5d380f94a91c1b38fe493e7f) Importer(815301076,1909f56bfc062723c751e8b465ee728b) [PhysX] Initialized MultithreadedTaskDispatcher with 16 workers.
[PhysX] Initialized MultithreadedTaskDispatcher with 16 workers.
 -> (artifact id: '150b7d84f7d72b2bc70531db26fe9734') in 0.301500 seconds
Number of updated asset objects reloaded before import = 0
Number of asset objects unloaded after import = 733
========================================================================
Received Import Request.
  Time since last request: 1.669070 seconds.
  path: Assets/Resources/PUW/Prefs/MysteryMachine.prefab
  artifactKey: Guid(378500db5d380f94a91c1b38fe493e7f) Importer(815301076,1909f56bfc062723c751e8b465ee728b)
Start importing Assets/Resources/PUW/Prefs/MysteryMachine.prefab using Guid(378500db5d380f94a91c1b38fe493e7f) Importer(815301076,1909f56bfc062723c751e8b465ee728b) [PhysX] Initialized MultithreadedTaskDispatcher with 16 workers.
[PhysX] Initialized MultithreadedTaskDispatcher with 16 workers.
 -> (artifact id: '87c6ba4c0f656fc17907bc962240b61f') in 0.331135 seconds
Number of updated asset objects reloaded before import = 0
Number of asset objects unloaded after import = 733
========================================================================
Received Import Request.
  Time since last request: 9.719069 seconds.
  path: Assets/Resources/PUW/Prefs/MysteryMachine.prefab
  artifactKey: Guid(378500db5d380f94a91c1b38fe493e7f) Importer(815301076,1909f56bfc062723c751e8b465ee728b)
Start importing Assets/Resources/PUW/Prefs/MysteryMachine.prefab using Guid(378500db5d380f94a91c1b38fe493e7f) Importer(815301076,1909f56bfc062723c751e8b465ee728b) [PhysX] Initialized MultithreadedTaskDispatcher with 16 workers.
[PhysX] Initialized MultithreadedTaskDispatcher with 16 workers.
 -> (artifact id: '36eb6055fe8f044b56d9bcd3b24a30d3') in 0.208497 seconds
Number of updated asset objects reloaded before import = 0
Number of asset objects unloaded after import = 733
========================================================================
Received Import Request.
  Time since last request: 5.048513 seconds.
  path: Assets/Resources/PUW/Prefs/MysteryMachine.prefab
  artifactKey: Guid(378500db5d380f94a91c1b38fe493e7f) Importer(815301076,1909f56bfc062723c751e8b465ee728b)
Start importing Assets/Resources/PUW/Prefs/MysteryMachine.prefab using Guid(378500db5d380f94a91c1b38fe493e7f) Importer(815301076,1909f56bfc062723c751e8b465ee728b) [PhysX] Initialized MultithreadedTaskDispatcher with 16 workers.
[PhysX] Initialized MultithreadedTaskDispatcher with 16 workers.
 -> (artifact id: '6c118b2e67f5f7c3f34a88d7cb94abad') in 0.229641 seconds
Number of updated asset objects reloaded before import = 0
Number of asset objects unloaded after import = 733
========================================================================
Received Import Request.
  Time since last request: 6.038613 seconds.
  path: Assets/Resources/PUW/Prefs/MysteryMachine.prefab
  artifactKey: Guid(378500db5d380f94a91c1b38fe493e7f) Importer(815301076,1909f56bfc062723c751e8b465ee728b)
Start importing Assets/Resources/PUW/Prefs/MysteryMachine.prefab using Guid(378500db5d380f94a91c1b38fe493e7f) Importer(815301076,1909f56bfc062723c751e8b465ee728b) [PhysX] Initialized MultithreadedTaskDispatcher with 16 workers.
[PhysX] Initialized MultithreadedTaskDispatcher with 16 workers.
 -> (artifact id: 'f026e2650bee8129ea89cd435c0a805b') in 0.264047 seconds
Number of updated asset objects reloaded before import = 0
Number of asset objects unloaded after import = 733
========================================================================
Received Import Request.
  Time since last request: 35.306683 seconds.
  path: Assets/Resources/PUW/Prefs/CakeMachine 1.prefab
  artifactKey: Guid(b4ecb6eda131baf469bef8e92c8cf208) Importer(815301076,1909f56bfc062723c751e8b465ee728b)
Start importing Assets/Resources/PUW/Prefs/CakeMachine 1.prefab using Guid(b4ecb6eda131baf469bef8e92c8cf208) Importer(815301076,1909f56bfc062723c751e8b465ee728b) [PhysX] Initialized MultithreadedTaskDispatcher with 16 workers.
[PhysX] Initialized MultithreadedTaskDispatcher with 16 workers.
 -> (artifact id: '1ef3563b112cf7d77b1010f403fe1cad') in 0.208785 seconds
Number of updated asset objects reloaded before import = 0
Number of asset objects unloaded after import = 289
========================================================================
Received Import Request.
  Time since last request: 5.364347 seconds.
  path: Assets/Resources/PUW/Prefs/CakeMachine 2.prefab
  artifactKey: Guid(c24e99304deb89744a88bf667407b051) Importer(815301076,1909f56bfc062723c751e8b465ee728b)
Start importing Assets/Resources/PUW/Prefs/CakeMachine 2.prefab using Guid(c24e99304deb89744a88bf667407b051) Importer(815301076,1909f56bfc062723c751e8b465ee728b) [PhysX] Initialized MultithreadedTaskDispatcher with 16 workers.
[PhysX] Initialized MultithreadedTaskDispatcher with 16 workers.
 -> (artifact id: '077cb88cc91c0655c3506ea3e33084ab') in 0.177289 seconds
Number of updated asset objects reloaded before import = 0
Number of asset objects unloaded after import = 499
========================================================================
Received Import Request.
  Time since last request: 7.209489 seconds.
  path: Assets/Resources/PUW/Prefs/CakeMachine Variant 1.prefab
  artifactKey: Guid(c24e99304deb89744a88bf667407b051) Importer(815301076,1909f56bfc062723c751e8b465ee728b)
Start importing Assets/Resources/PUW/Prefs/CakeMachine Variant 1.prefab using Guid(c24e99304deb89744a88bf667407b051) Importer(815301076,1909f56bfc062723c751e8b465ee728b) [PhysX] Initialized MultithreadedTaskDispatcher with 16 workers.
[PhysX] Initialized MultithreadedTaskDispatcher with 16 workers.
 -> (artifact id: 'a91cb35e8cc4809b6429f5b74f6c4f9b') in 0.166536 seconds
Number of updated asset objects reloaded before import = 0
Number of asset objects unloaded after import = 499
========================================================================
Received Import Request.
  Time since last request: 12.239087 seconds.
  path: Assets/Resources/PUW/Prefs/CakeMachine Variant 1.prefab
  artifactKey: Guid(c24e99304deb89744a88bf667407b051) Importer(815301076,1909f56bfc062723c751e8b465ee728b)
Start importing Assets/Resources/PUW/Prefs/CakeMachine Variant 1.prefab using Guid(c24e99304deb89744a88bf667407b051) Importer(815301076,1909f56bfc062723c751e8b465ee728b) [PhysX] Initialized MultithreadedTaskDispatcher with 16 workers.
 -> (artifact id: '72a7707fe20939d8217276147570faa3') in 0.023914 seconds
Number of updated asset objects reloaded before import = 0
Number of asset objects unloaded after import = 446
========================================================================
Received Import Request.
  Time since last request: 2.090520 seconds.
  path: Assets/Resources/PUW/Prefs/CakeMachine Variant 1.prefab
  artifactKey: Guid(c24e99304deb89744a88bf667407b051) Importer(815301076,1909f56bfc062723c751e8b465ee728b)
Start importing Assets/Resources/PUW/Prefs/CakeMachine Variant 1.prefab using Guid(c24e99304deb89744a88bf667407b051) Importer(815301076,1909f56bfc062723c751e8b465ee728b) [PhysX] Initialized MultithreadedTaskDispatcher with 16 workers.
 -> (artifact id: '3bf962b1dd6a0025273006fc7e5c148e') in 0.030644 seconds
Number of updated asset objects reloaded before import = 0
Number of asset objects unloaded after import = 445
========================================================================
Received Import Request.
  Time since last request: 13.762861 seconds.
  path: Assets/Resources/PUW/Prefs/CakeMachine Variant 1.prefab
  artifactKey: Guid(c24e99304deb89744a88bf667407b051) Importer(815301076,1909f56bfc062723c751e8b465ee728b)
Start importing Assets/Resources/PUW/Prefs/CakeMachine Variant 1.prefab using Guid(c24e99304deb89744a88bf667407b051) Importer(815301076,1909f56bfc062723c751e8b465ee728b) [PhysX] Initialized MultithreadedTaskDispatcher with 16 workers.
 -> (artifact id: '030a6afedf966b3a3fa7e76d8fa9aa60') in 0.024691 seconds
Number of updated asset objects reloaded before import = 0
Number of asset objects unloaded after import = 444
========================================================================
Received Import Request.
  Time since last request: 26.368204 seconds.
  path: Assets/Resources/PUW/Prefs/DiamondMachine 1.prefab
  artifactKey: Guid(02e1ea8715bf44b4097e9631e1aacb62) Importer(815301076,1909f56bfc062723c751e8b465ee728b)
Start importing Assets/Resources/PUW/Prefs/DiamondMachine 1.prefab using Guid(02e1ea8715bf44b4097e9631e1aacb62) Importer(815301076,1909f56bfc062723c751e8b465ee728b) [PhysX] Initialized MultithreadedTaskDispatcher with 16 workers.
[PhysX] Initialized MultithreadedTaskDispatcher with 16 workers.
 -> (artifact id: '35cc9c471a0c8a7ba8302345836e5acd') in 0.159273 seconds
Number of updated asset objects reloaded before import = 0
Number of asset objects unloaded after import = 275
========================================================================
Received Import Request.
  Time since last request: 6.384038 seconds.
  path: Assets/Resources/PUW/Prefs/DiamondMachine Variant 1.prefab
  artifactKey: Guid(02e1ea8715bf44b4097e9631e1aacb62) Importer(815301076,1909f56bfc062723c751e8b465ee728b)
Start importing Assets/Resources/PUW/Prefs/DiamondMachine Variant 1.prefab using Guid(02e1ea8715bf44b4097e9631e1aacb62) Importer(815301076,1909f56bfc062723c751e8b465ee728b) [PhysX] Initialized MultithreadedTaskDispatcher with 16 workers.
[PhysX] Initialized MultithreadedTaskDispatcher with 16 workers.
 -> (artifact id: '20699b3b1a4c33b542044a2143aad811') in 0.168668 seconds
Number of updated asset objects reloaded before import = 0
Number of asset objects unloaded after import = 275
========================================================================
Received Import Request.
  Time since last request: 7.358129 seconds.
  path: Assets/Resources/PUW/Prefs/DiamondMachine Variant 1.prefab
  artifactKey: Guid(02e1ea8715bf44b4097e9631e1aacb62) Importer(815301076,1909f56bfc062723c751e8b465ee728b)
Start importing Assets/Resources/PUW/Prefs/DiamondMachine Variant 1.prefab using Guid(02e1ea8715bf44b4097e9631e1aacb62) Importer(815301076,1909f56bfc062723c751e8b465ee728b) [PhysX] Initialized MultithreadedTaskDispatcher with 16 workers.
 -> (artifact id: '35ef33123cb1a7f1bc8d91185597d525') in 0.020787 seconds
Number of updated asset objects reloaded before import = 0
Number of asset objects unloaded after import = 231
========================================================================
Received Import Request.
  Time since last request: 1.855934 seconds.
  path: Assets/Resources/PUW/Prefs/DiamondMachine Variant 1.prefab
  artifactKey: Guid(02e1ea8715bf44b4097e9631e1aacb62) Importer(815301076,1909f56bfc062723c751e8b465ee728b)
Start importing Assets/Resources/PUW/Prefs/DiamondMachine Variant 1.prefab using Guid(02e1ea8715bf44b4097e9631e1aacb62) Importer(815301076,1909f56bfc062723c751e8b465ee728b) [PhysX] Initialized MultithreadedTaskDispatcher with 16 workers.
 -> (artifact id: 'a119d724d8b51d02be42ef8ab5417495') in 0.028054 seconds
Number of updated asset objects reloaded before import = 0
Number of asset objects unloaded after import = 230
========================================================================
Received Import Request.
  Time since last request: 5.804011 seconds.
  path: Assets/Resources/PUW/Prefs/DiamondMachine Variant 1.prefab
  artifactKey: Guid(02e1ea8715bf44b4097e9631e1aacb62) Importer(815301076,1909f56bfc062723c751e8b465ee728b)
Start importing Assets/Resources/PUW/Prefs/DiamondMachine Variant 1.prefab using Guid(02e1ea8715bf44b4097e9631e1aacb62) Importer(815301076,1909f56bfc062723c751e8b465ee728b) [PhysX] Initialized MultithreadedTaskDispatcher with 16 workers.
 -> (artifact id: '8e9ec3c63d20ee2f33b54785268e7ad8') in 0.019294 seconds
Number of updated asset objects reloaded before import = 0
Number of asset objects unloaded after import = 229
========================================================================
Received Import Request.
  Time since last request: 25.975612 seconds.
  path: Assets/Resources/PUW/Prefs/MysteryMachine.prefab
  artifactKey: Guid(378500db5d380f94a91c1b38fe493e7f) Importer(815301076,1909f56bfc062723c751e8b465ee728b)
Start importing Assets/Resources/PUW/Prefs/MysteryMachine.prefab using Guid(378500db5d380f94a91c1b38fe493e7f) Importer(815301076,1909f56bfc062723c751e8b465ee728b) [PhysX] Initialized MultithreadedTaskDispatcher with 16 workers.
[PhysX] Initialized MultithreadedTaskDispatcher with 16 workers.
 -> (artifact id: 'c26b049500908bd18650d9e9697b1047') in 0.313179 seconds
Number of updated asset objects reloaded before import = 0
Number of asset objects unloaded after import = 1375
========================================================================
Received Import Request.
  Time since last request: 1.867004 seconds.
  path: Assets/Resources/PUW/Prefs/MysteryMachine.prefab
  artifactKey: Guid(378500db5d380f94a91c1b38fe493e7f) Importer(815301076,1909f56bfc062723c751e8b465ee728b)
Start importing Assets/Resources/PUW/Prefs/MysteryMachine.prefab using Guid(378500db5d380f94a91c1b38fe493e7f) Importer(815301076,1909f56bfc062723c751e8b465ee728b) [PhysX] Initialized MultithreadedTaskDispatcher with 16 workers.
[PhysX] Initialized MultithreadedTaskDispatcher with 16 workers.
 -> (artifact id: '4a5974d00f38a8acf0f867e3c4f60402') in 0.657664 seconds
Number of updated asset objects reloaded before import = 0
Number of asset objects unloaded after import = 1375
========================================================================
Received Import Request.
  Time since last request: 9.876471 seconds.
  path: Assets/Resources/PUW/Prefs/MysteryMachine.prefab
  artifactKey: Guid(378500db5d380f94a91c1b38fe493e7f) Importer(815301076,1909f56bfc062723c751e8b465ee728b)
Start importing Assets/Resources/PUW/Prefs/MysteryMachine.prefab using Guid(378500db5d380f94a91c1b38fe493e7f) Importer(815301076,1909f56bfc062723c751e8b465ee728b) [PhysX] Initialized MultithreadedTaskDispatcher with 16 workers.
[PhysX] Initialized MultithreadedTaskDispatcher with 16 workers.
 -> (artifact id: 'e3ed7c31493aef0d50e80807169259e1') in 0.465550 seconds
Number of updated asset objects reloaded before import = 0
Number of asset objects unloaded after import = 1795
========================================================================
Received Import Request.
  Time since last request: 1.299074 seconds.
  path: Assets/Resources/PUW/Prefs/MysteryMachine.prefab
  artifactKey: Guid(378500db5d380f94a91c1b38fe493e7f) Importer(815301076,1909f56bfc062723c751e8b465ee728b)
Start importing Assets/Resources/PUW/Prefs/MysteryMachine.prefab using Guid(378500db5d380f94a91c1b38fe493e7f) Importer(815301076,1909f56bfc062723c751e8b465ee728b) [PhysX] Initialized MultithreadedTaskDispatcher with 16 workers.
[PhysX] Initialized MultithreadedTaskDispatcher with 16 workers.
 -> (artifact id: '2922d7dd19f52adda9a5bf24da516b11') in 0.429187 seconds
Number of updated asset objects reloaded before import = 0
Number of asset objects unloaded after import = 1795
========================================================================
Received Import Request.
  Time since last request: 24.938471 seconds.
  path: Assets/Resources/PUW/Prefs/DiamondMachine Variant 1.prefab
  artifactKey: Guid(02e1ea8715bf44b4097e9631e1aacb62) Importer(815301076,1909f56bfc062723c751e8b465ee728b)
Start importing Assets/Resources/PUW/Prefs/DiamondMachine Variant 1.prefab using Guid(02e1ea8715bf44b4097e9631e1aacb62) Importer(815301076,1909f56bfc062723c751e8b465ee728b) [PhysX] Initialized MultithreadedTaskDispatcher with 16 workers.
 -> (artifact id: '44a812338ca91c6d94cbc410cd64aeda') in 0.020911 seconds
Number of updated asset objects reloaded before import = 0
Number of asset objects unloaded after import = 230
========================================================================
Received Import Request.
  Time since last request: 27.180755 seconds.
  path: Assets/Resources/PUW/Prefs/DiamondMachine.prefab
  artifactKey: Guid(a6b5d99eb77223c4d9c978437aa78b0e) Importer(815301076,1909f56bfc062723c751e8b465ee728b)
Start importing Assets/Resources/PUW/Prefs/DiamondMachine.prefab using Guid(a6b5d99eb77223c4d9c978437aa78b0e) Importer(815301076,1909f56bfc062723c751e8b465ee728b) [PhysX] Initialized MultithreadedTaskDispatcher with 16 workers.
[PhysX] Initialized MultithreadedTaskDispatcher with 16 workers.
 -> (artifact id: '605dd054659fda05030bdb8b745f24aa') in 0.152278 seconds
Number of updated asset objects reloaded before import = 0
Number of asset objects unloaded after import = 277
========================================================================
Received Import Request.
  Time since last request: 80.759505 seconds.
  path: Assets/Resources/PUW/AlcohoBottles/texture
  artifactKey: Guid(f518d6868c70a4e4bbd4205a7c811d98) Importer(815301076,1909f56bfc062723c751e8b465ee728b)
Start importing Assets/Resources/PUW/AlcohoBottles/texture using Guid(f518d6868c70a4e4bbd4205a7c811d98) Importer(815301076,1909f56bfc062723c751e8b465ee728b) [PhysX] Initialized MultithreadedTaskDispatcher with 16 workers.
 -> (artifact id: '723d17629faa76fab926909899a5c755') in 0.000874 seconds
Number of updated asset objects reloaded before import = 0
Number of asset objects unloaded after import = 0
========================================================================
Received Import Request.
  Time since last request: 188.013091 seconds.
  path: Assets/Resources/PUW/AlcohoBottles/texture/RotuloCuraçau.mat
  artifactKey: Guid(f934a524132b59740aaf0e8a982a511f) Importer(815301076,1909f56bfc062723c751e8b465ee728b)
Start importing Assets/Resources/PUW/AlcohoBottles/texture/RotuloCuraçau.mat using Guid(f934a524132b59740aaf0e8a982a511f) Importer(815301076,1909f56bfc062723c751e8b465ee728b) [PhysX] Initialized MultithreadedTaskDispatcher with 16 workers.
[PhysX] Initialized MultithreadedTaskDispatcher with 16 workers.
 -> (artifact id: 'cd4b6e3fe99727c7c6dc06c1711ea9ce') in 0.057807 seconds
Number of updated asset objects reloaded before import = 0
Number of asset objects unloaded after import = 3
========================================================================
Received Import Request.
  Time since last request: 0.000036 seconds.
  path: Assets/Resources/PUW/AlcohoBottles/texture/RotuloVelho.mat
  artifactKey: Guid(936487d6f72327545ad0d6b3fa87edd1) Importer(815301076,1909f56bfc062723c751e8b465ee728b)
Start importing Assets/Resources/PUW/AlcohoBottles/texture/RotuloVelho.mat using Guid(936487d6f72327545ad0d6b3fa87edd1) Importer(815301076,1909f56bfc062723c751e8b465ee728b) [PhysX] Initialized MultithreadedTaskDispatcher with 16 workers.
[PhysX] Initialized MultithreadedTaskDispatcher with 16 workers.
 -> (artifact id: '79bed594ba532117ad68aa9b5f10eac9') in 0.033629 seconds
Number of updated asset objects reloaded before import = 0
Number of asset objects unloaded after import = 3
========================================================================
Received Import Request.
  Time since last request: 0.000031 seconds.
  path: Assets/Resources/PUW/AlcohoBottles/texture/RotuloJack.mat
  artifactKey: Guid(06b53234bacf9c3468d18af4c181e106) Importer(815301076,1909f56bfc062723c751e8b465ee728b)
Start importing Assets/Resources/PUW/AlcohoBottles/texture/RotuloJack.mat using Guid(06b53234bacf9c3468d18af4c181e106) Importer(815301076,1909f56bfc062723c751e8b465ee728b) [PhysX] Initialized MultithreadedTaskDispatcher with 16 workers.
[PhysX] Initialized MultithreadedTaskDispatcher with 16 workers.
 -> (artifact id: '3a29bf95183f07f06888978f6fbe6b2d') in 0.024299 seconds
Number of updated asset objects reloaded before import = 0
Number of asset objects unloaded after import = 3
========================================================================
Received Import Request.
  Time since last request: 0.000029 seconds.
  path: Assets/Resources/PUW/AlcohoBottles/texture/RotuloRed.mat
  artifactKey: Guid(261179ebddad5d242b06721b96245e4e) Importer(815301076,1909f56bfc062723c751e8b465ee728b)
Start importing Assets/Resources/PUW/AlcohoBottles/texture/RotuloRed.mat using Guid(261179ebddad5d242b06721b96245e4e) Importer(815301076,1909f56bfc062723c751e8b465ee728b) [PhysX] Initialized MultithreadedTaskDispatcher with 16 workers.
[PhysX] Initialized MultithreadedTaskDispatcher with 16 workers.
 -> (artifact id: 'bcff75eae26384e80b9a9846e216ecae') in 0.019304 seconds
Number of updated asset objects reloaded before import = 0
Number of asset objects unloaded after import = 3
Editor requested this worker to shutdown with reason: Scaling down because of idle timeout
TcpMessagingSession - receive error: operation aborted. errorcode: 995, details: The I/O operation has been aborted because of either a thread exit or an application request.
AssetImportWorker is now disconnected from the server
Process exiting
Exiting without the bug reporter. Application will terminate with return code 0