Using pre-set license
Built from '2022.3/staging' branch; Version is '2022.3.54f1 (129125d4e700) revision 1216805'; Using compiler version '192829333'; Build Type 'Release'
OS: 'Windows 11  (10.0.26100) 64bit Core' Language: 'en' Physical Memory: 15774 MB
BatchMode: 1, IsHumanControllingUs: 0, StartBugReporterOnCrash: 0, Is64bit: 1, IsPro: 1

COMMAND LINE ARGUMENTS:
C:\Program Files\Unity\Hub\Editor\2022.3.54f1\Editor\Unity.exe
-adb2
-batchMode
-noUpm
-name
AssetImportWorker7
-projectPath
C:/Users/hella/Desktop/AV
-logFile
Logs/AssetImportWorker7.log
-srvPort
61301
Successfully changed project path to: C:/Users/hella/Desktop/AV
C:/Users/hella/Desktop/AV
[UnityMemory] Configuration Parameters - Can be set up in boot.config
    "memorysetup-bucket-allocator-granularity=16"
    "memorysetup-bucket-allocator-bucket-count=8"
    "memorysetup-bucket-allocator-block-size=33554432"
    "memorysetup-bucket-allocator-block-count=8"
    "memorysetup-main-allocator-block-size=16777216"
    "memorysetup-thread-allocator-block-size=16777216"
    "memorysetup-gfx-main-allocator-block-size=16777216"
    "memorysetup-gfx-thread-allocator-block-size=16777216"
    "memorysetup-cache-allocator-block-size=4194304"
    "memorysetup-typetree-allocator-block-size=2097152"
    "memorysetup-profiler-bucket-allocator-granularity=16"
    "memorysetup-profiler-bucket-allocator-bucket-count=8"
    "memorysetup-profiler-bucket-allocator-block-size=33554432"
    "memorysetup-profiler-bucket-allocator-block-count=8"
    "memorysetup-profiler-allocator-block-size=16777216"
    "memorysetup-profiler-editor-allocator-block-size=1048576"
    "memorysetup-temp-allocator-size-main=16777216"
    "memorysetup-job-temp-allocator-block-size=2097152"
    "memorysetup-job-temp-allocator-block-size-background=1048576"
    "memorysetup-job-temp-allocator-reduction-small-platforms=262144"
    "memorysetup-allocator-temp-initial-block-size-main=262144"
    "memorysetup-allocator-temp-initial-block-size-worker=262144"
    "memorysetup-temp-allocator-size-background-worker=32768"
    "memorysetup-temp-allocator-size-job-worker=262144"
    "memorysetup-temp-allocator-size-preload-manager=33554432"
    "memorysetup-temp-allocator-size-nav-mesh-worker=65536"
    "memorysetup-temp-allocator-size-audio-worker=65536"
    "memorysetup-temp-allocator-size-cloud-worker=32768"
    "memorysetup-temp-allocator-size-gi-baking-worker=262144"
    "memorysetup-temp-allocator-size-gfx=262144"
Player connection [47208]  Target information:

Player connection [47208]  * "[IP] 192.168.178.22 [Port] 0 [Flags] 2 [Guid] 3780179769 [EditorId] 3780179769 [Version] 1048832 [Id] WindowsEditor(7,LAPTOP-PTV38B4Q) [Debug] 1 [PackageName] WindowsEditor [ProjectName] Editor" 

Player connection [47208] Host joined multi-casting on [225.0.0.222:54997]...
Player connection [47208] Host joined alternative multi-casting on [225.0.0.222:34997]...
[PhysX] Initialized MultithreadedTaskDispatcher with 16 workers.
Refreshing native plugins compatible for Editor in 78.93 ms, found 23 plugins.
Preloading 3 native plugins for Editor in 5.38 ms.
Initialize engine version: 2022.3.54f1 (129125d4e700)
[Subsystems] Discovering subsystems at path C:/Program Files/Unity/Hub/Editor/2022.3.54f1/Editor/Data/Resources/UnitySubsystems
[Subsystems] Discovering subsystems at path C:/Users/hella/Desktop/AV/Assets
GfxDevice: creating device client; threaded=0; jobified=0
Direct3D:
    Version:  Direct3D 11.0 [level 11.1]
    Renderer: NVIDIA GeForce RTX 3060 Laptop GPU (ID=0x2520)
    Vendor:   NVIDIA
    VRAM:     5996 MB
    Driver:   32.0.15.6636
Initialize mono
Mono path[0] = 'C:/Program Files/Unity/Hub/Editor/2022.3.54f1/Editor/Data/Managed'
Mono path[1] = 'C:/Program Files/Unity/Hub/Editor/2022.3.54f1/Editor/Data/MonoBleedingEdge/lib/mono/unityjit-win32'
Mono config path = 'C:/Program Files/Unity/Hub/Editor/2022.3.54f1/Editor/Data/MonoBleedingEdge/etc'
Using monoOptions --debugger-agent=transport=dt_socket,embedding=1,server=y,suspend=n,address=127.0.0.1:56632
Begin MonoManager ReloadAssembly
Registering precompiled unity dll's ...
Register platform support module: C:/Program Files/Unity/Hub/Editor/2022.3.54f1/Editor/Data/PlaybackEngines/AndroidPlayer/UnityEditor.Android.Extensions.dll
Register platform support module: C:/Program Files/Unity/Hub/Editor/2022.3.54f1/Editor/Data/PlaybackEngines/iOSSupport/UnityEditor.iOS.Extensions.dll
Register platform support module: C:/Program Files/Unity/Hub/Editor/2022.3.54f1/Editor/Data/PlaybackEngines/WindowsStandaloneSupport/UnityEditor.WindowsStandalone.Extensions.dll
Registered in 0.014719 seconds.
- Loaded All Assemblies, in  0.526 seconds
Native extension for WindowsStandalone target not found
[usbmuxd] Start listen thread
[usbmuxd] Listen thread started
Native extension for iOS target not found
Native extension for Android target not found
Android Extension - Scanning For ADB Devices 739 ms
Mono: successfully reloaded assembly
- Finished resetting the current domain, in  1.209 seconds
Domain Reload Profiling: 1733ms
	BeginReloadAssembly (179ms)
		ExecutionOrderSort (0ms)
		DisableScriptedObjects (0ms)
		BackupInstance (0ms)
		ReleaseScriptingObjects (0ms)
		CreateAndSetChildDomain (1ms)
	RebuildCommonClasses (49ms)
	RebuildNativeTypeToScriptingClass (13ms)
	initialDomainReloadingComplete (79ms)
	LoadAllAssembliesAndSetupDomain (202ms)
		LoadAssemblies (175ms)
		RebuildTransferFunctionScriptingTraits (0ms)
		AnalyzeDomain (198ms)
			TypeCache.Refresh (196ms)
				TypeCache.ScanAssembly (177ms)
			ScanForSourceGeneratedMonoScriptInfo (1ms)
			ResolveRequiredComponents (1ms)
	FinalizeReload (1209ms)
		ReleaseScriptCaches (0ms)
		RebuildScriptCaches (0ms)
		SetupLoadedEditorAssemblies (1129ms)
			LogAssemblyErrors (0ms)
			InitializePlatformSupportModulesInManaged (905ms)
			SetLoadedEditorAssemblies (7ms)
			RefreshPlugins (0ms)
			BeforeProcessingInitializeOnLoad (3ms)
			ProcessInitializeOnLoadAttributes (153ms)
			ProcessInitializeOnLoadMethodAttributes (62ms)
			AfterProcessingInitializeOnLoad (0ms)
			EditorAssembliesLoaded (0ms)
		ExecutionOrderSort2 (0ms)
		AwakeInstancesAfterBackupRestoration (0ms)
========================================================================
Worker process is ready to serve import requests
Caller must complete domain reload
Begin MonoManager ReloadAssembly
- Loaded All Assemblies, in  1.386 seconds
Native extension for WindowsStandalone target not found
Native extension for iOS target not found
Native extension for Android target not found
Package Manager log level set to [2]
[Package Manager] Server::EnsureServerProcessIsRunning -- launch failed, reason: Unity was launched with the -noUpm command-line argument
[Package Manager] UpmClient::Send -- Unable to send message (not connected to UPM process).
[Package Manager] Cannot connect to Unity Package Manager local server
PXRLog [Build Check]RegisterBuildPlayerHandler,Already Do not show: False
UnityEngine.StackTraceUtility:ExtractStackTrace ()
UnityEngine.DebugLogHandler:LogFormat (UnityEngine.LogType,UnityEngine.Object,string,object[])
UnityEngine.Logger:Log (UnityEngine.LogType,object)
UnityEngine.Debug:Log (object)
Unity.XR.PXR.Editor.PXR_SDKBuildCheck:.cctor () (at C:/Users/hella/Downloads/Pico Integration/Editor/PXR_SDKBuildCheck.cs:30)
System.Runtime.CompilerServices.RuntimeHelpers:RunClassConstructor (System.RuntimeTypeHandle)
UnityEditor.EditorAssemblies:ProcessInitializeOnLoadAttributes (System.Type[])

(Filename: C:/Users/hella/Downloads/Pico Integration/Editor/PXR_SDKBuildCheck.cs Line: 30)

System.Reflection.TargetInvocationException: Exception has been thrown by the target of an invocation. ---> System.NullReferenceException: Object reference not set to an instance of an object
  at Unity.XR.Oculus.OculusLoader.AssetPathToAbsolutePath (System.String assetPath) [0x00041] in .\Library\PackageCache\com.unity.xr.oculus@4.4.0\Runtime\OculusLoader.cs:307 
  at Unity.XR.Oculus.OculusLoader.EditorLoadOVRPlugin () [0x000dd] in .\Library\PackageCache\com.unity.xr.oculus@4.4.0\Runtime\OculusLoader.cs:292 
  at (wrapper managed-to-native) System.Reflection.RuntimeMethodInfo.InternalInvoke(System.Reflection.RuntimeMethodInfo,object,object[],System.Exception&)
  at System.Reflection.RuntimeMethodInfo.Invoke (System.Object obj, System.Reflection.BindingFlags invokeAttr, System.Reflection.Binder binder, System.Object[] parameters, System.Globalization.CultureInfo culture) [0x0006a] in <819cf46d02f74ba4ae2d757a73aa5ae9>:0 
   --- End of inner exception stack trace ---
  at System.Reflection.RuntimeMethodInfo.Invoke (System.Object obj, System.Reflection.BindingFlags invokeAttr, System.Reflection.Binder binder, System.Object[] parameters, System.Globalization.CultureInfo culture) [0x00083] in <819cf46d02f74ba4ae2d757a73aa5ae9>:0 
  at System.Reflection.MethodBase.Invoke (System.Object obj, System.Object[] parameters) [0x00000] in <819cf46d02f74ba4ae2d757a73aa5ae9>:0 
  at UnityEditor.EditorAssemblies.ProcessInitializeOnLoadMethodAttributes () [0x000a5] in <1a495ea831cb41c29219448a6a4f8f8c>:0 
UnityEngine.StackTraceUtility:ExtractStackTrace ()
UnityEngine.DebugLogHandler:LogFormat (UnityEngine.LogType,UnityEngine.Object,string,object[])
UnityEngine.Logger:Log (UnityEngine.LogType,object)
UnityEngine.Debug:LogError (object)
UnityEditor.EditorAssemblies:ProcessInitializeOnLoadMethodAttributes ()

Mono: successfully reloaded assembly
[Package Manager] Server::EnsureServerProcessIsRunning -- launch failed, reason: Unity was launched with the -noUpm command-line argument
[Package Manager] UpmClient::Send -- Unable to send message (not connected to UPM process).
[Package Manager] Cannot connect to Unity Package Manager local server
[Package Manager] Server::EnsureServerProcessIsRunning -- launch failed, reason: Unity was launched with the -noUpm command-line argument
[Package Manager] UpmClient::Send -- Unable to send message (not connected to UPM process).
[Package Manager] Cannot connect to Unity Package Manager local server
- Finished resetting the current domain, in  2.289 seconds
Domain Reload Profiling: 3666ms
	BeginReloadAssembly (231ms)
		ExecutionOrderSort (0ms)
		DisableScriptedObjects (5ms)
		BackupInstance (0ms)
		ReleaseScriptingObjects (0ms)
		CreateAndSetChildDomain (45ms)
	RebuildCommonClasses (61ms)
	RebuildNativeTypeToScriptingClass (16ms)
	initialDomainReloadingComplete (54ms)
	LoadAllAssembliesAndSetupDomain (1016ms)
		LoadAssemblies (787ms)
		RebuildTransferFunctionScriptingTraits (0ms)
		AnalyzeDomain (375ms)
			TypeCache.Refresh (315ms)
				TypeCache.ScanAssembly (286ms)
			ScanForSourceGeneratedMonoScriptInfo (44ms)
			ResolveRequiredComponents (14ms)
	FinalizeReload (2289ms)
		ReleaseScriptCaches (0ms)
		RebuildScriptCaches (0ms)
		SetupLoadedEditorAssemblies (1852ms)
			LogAssemblyErrors (0ms)
			InitializePlatformSupportModulesInManaged (37ms)
			SetLoadedEditorAssemblies (12ms)
			RefreshPlugins (0ms)
			BeforeProcessingInitializeOnLoad (279ms)
			ProcessInitializeOnLoadAttributes (1366ms)
			ProcessInitializeOnLoadMethodAttributes (150ms)
			AfterProcessingInitializeOnLoad (7ms)
			EditorAssembliesLoaded (0ms)
		ExecutionOrderSort2 (0ms)
		AwakeInstancesAfterBackupRestoration (7ms)
Launched and connected shader compiler UnityShaderCompiler.exe after 0.05 seconds
Refreshing native plugins compatible for Editor in 31.73 ms, found 23 plugins.
Preloading 3 native plugins for Editor in 0.38 ms.
Unloading 8571 Unused Serialized files (Serialized files now loaded: 0)
Unloading 176 unused Assets / (3.8 MB). Loaded Objects now: 9016.
Memory consumption went from 334.5 MB to 330.7 MB.
Total: 9.853500 ms (FindLiveObjects: 0.778800 ms CreateObjectMapping: 0.883500 ms MarkObjects: 6.752100 ms  DeleteObjects: 1.437400 ms)

AssetImportParameters requested are different than current active one (requested -> active):
  custom:container-demuxer-ogg: 62fdf1f143b41e24485cea50d1cbac27 -> 
  custom:framework-win-MediaFoundation: 216162199b28c13a410421893ffa2e32 -> 
  custom:container-muxer-webm: aa71ff27fc2769a1b78a27578f13a17b -> 
  custom:video-decoder-webm-vp8: 9c59270c3fd7afecdb556c50c9e8de78 -> 
  custom:SearchIndexIgnoredProperties: e643bd26f0fe6173181afceb89e7c659 -> 
  custom:AudioImporter_EditorPlatform: d09bf68614088b80899f8185d706f6e7 -> 
  custom:audio-decoder-ogg-vorbis: bf7c407c2cedff20999df2af8eb42d56 -> 
  custom:audio-encoder-webm-vorbis: bf7c407c2cedff20999df2af8eb42d56 -> 
  custom:video-decoder-ogg-theora: a1e56fd34408186e4bbccfd4996cb3dc -> 
  custom:CustomObjectIndexerAttribute: 3ead1caaecf1c488f20bcfeb224b6af5 -> 
  custom:container-demuxer-webm: 4f35f7cbe854078d1ac9338744f61a02 -> 
  custom:video-encoder-webm-vp8: eb34c28f22e8b96e1ab97ce403110664 -> 
========================================================================
Received Import Request.
  Time since last request: 71126.255531 seconds.
  path: Assets/Resources/GB/Cheval Mirror/Models/Materials/Mirror_matr.mat
  artifactKey: Guid(b2457483fd992fb40a54f41a0461b58a) Importer(815301076,1909f56bfc062723c751e8b465ee728b)
Start importing Assets/Resources/GB/Cheval Mirror/Models/Materials/Mirror_matr.mat using Guid(b2457483fd992fb40a54f41a0461b58a) Importer(815301076,1909f56bfc062723c751e8b465ee728b) [PhysX] Initialized MultithreadedTaskDispatcher with 16 workers.
[PhysX] Initialized MultithreadedTaskDispatcher with 16 workers.
 -> (artifact id: '24b76e147003a3bca747b50d02193618') in 3.239682 seconds
Number of updated asset objects reloaded before import = 0
Number of asset objects unloaded after import = 20
========================================================================
Received Import Request.
  Time since last request: 19.361589 seconds.
  path: Assets/Resources/LS/FemaleDoctor/Ch11_1001_Diffuse.png
  artifactKey: Guid(f7e3be8344cb6154fab1e11d2c77a807) Importer(815301076,1909f56bfc062723c751e8b465ee728b)
Start importing Assets/Resources/LS/FemaleDoctor/Ch11_1001_Diffuse.png using Guid(f7e3be8344cb6154fab1e11d2c77a807) Importer(815301076,1909f56bfc062723c751e8b465ee728b) [PhysX] Initialized MultithreadedTaskDispatcher with 16 workers.
[PhysX] Initialized MultithreadedTaskDispatcher with 16 workers.
 -> (artifact id: '0b0ebbf46c25bbc660ffac86e76fd8ac') in 0.286575 seconds
Number of updated asset objects reloaded before import = 0
Number of asset objects unloaded after import = 2
========================================================================
Received Import Request.
  Time since last request: 0.000170 seconds.
  path: Assets/Resources/GB/Cheval Mirror/Models/Textures/Cheval Mirror 3/Cheval Mirror 3 Normal.png
  artifactKey: Guid(3697939da5605bf45bcec959c10aac86) Importer(815301076,1909f56bfc062723c751e8b465ee728b)
Start importing Assets/Resources/GB/Cheval Mirror/Models/Textures/Cheval Mirror 3/Cheval Mirror 3 Normal.png using Guid(3697939da5605bf45bcec959c10aac86) Importer(815301076,1909f56bfc062723c751e8b465ee728b) [PhysX] Initialized MultithreadedTaskDispatcher with 16 workers.
[PhysX] Initialized MultithreadedTaskDispatcher with 16 workers.
 -> (artifact id: '9c51c018fe8b875658e580e8e42eb1a2') in 1.272346 seconds
Number of updated asset objects reloaded before import = 0
Number of asset objects unloaded after import = 2
========================================================================
Received Import Request.
  Time since last request: 0.000047 seconds.
  path: Assets/VRTemplateAssets/Sprites/CoachingCards/Coaching Step 5.png
  artifactKey: Guid(bd657264cd2bd754bbed1cc8905fbdce) Importer(815301076,1909f56bfc062723c751e8b465ee728b)
Start importing Assets/VRTemplateAssets/Sprites/CoachingCards/Coaching Step 5.png using Guid(bd657264cd2bd754bbed1cc8905fbdce) Importer(815301076,1909f56bfc062723c751e8b465ee728b) [PhysX] Initialized MultithreadedTaskDispatcher with 16 workers.
[PhysX] Initialized MultithreadedTaskDispatcher with 16 workers.
 -> (artifact id: '9c4e5506e17286c1e4cc6311df6a7e9c') in 0.254625 seconds
Number of updated asset objects reloaded before import = 0
Number of asset objects unloaded after import = 3
========================================================================
Received Import Request.
  Time since last request: 0.006729 seconds.
  path: Assets/PUW_Assets/Snooker/obj/colored_snookerUV.png
  artifactKey: Guid(cf49b15204d089647aed8658a333abf4) Importer(815301076,1909f56bfc062723c751e8b465ee728b)
Start importing Assets/PUW_Assets/Snooker/obj/colored_snookerUV.png using Guid(cf49b15204d089647aed8658a333abf4) Importer(815301076,1909f56bfc062723c751e8b465ee728b) [PhysX] Initialized MultithreadedTaskDispatcher with 16 workers.
[PhysX] Initialized MultithreadedTaskDispatcher with 16 workers.
 -> (artifact id: '20510731458fe42167c78e2a0baf4666') in 0.624826 seconds
Number of updated asset objects reloaded before import = 0
Number of asset objects unloaded after import = 2
========================================================================
Received Import Request.
  Time since last request: 0.001407 seconds.
  path: Assets/VRTemplateAssets/Sprites/UI/Circle_60x60 Outline.png
  artifactKey: Guid(7edfa9a28dcc4584ba5194e74c74f93c) Importer(815301076,1909f56bfc062723c751e8b465ee728b)
Start importing Assets/VRTemplateAssets/Sprites/UI/Circle_60x60 Outline.png using Guid(7edfa9a28dcc4584ba5194e74c74f93c) Importer(815301076,1909f56bfc062723c751e8b465ee728b) [PhysX] Initialized MultithreadedTaskDispatcher with 16 workers.
[PhysX] Initialized MultithreadedTaskDispatcher with 16 workers.
 -> (artifact id: '7831970b3b885a445cd3ccfe2f273652') in 0.273778 seconds
Number of updated asset objects reloaded before import = 0
Number of asset objects unloaded after import = 3
========================================================================
Received Import Request.
  Time since last request: 0.000032 seconds.
  path: Assets/Resources/LS/FemaleDoctor/Ch11_1001_Normal.png
  artifactKey: Guid(a360729dd490d8541a630d732cb08648) Importer(815301076,1909f56bfc062723c751e8b465ee728b)
Start importing Assets/Resources/LS/FemaleDoctor/Ch11_1001_Normal.png using Guid(a360729dd490d8541a630d732cb08648) Importer(815301076,1909f56bfc062723c751e8b465ee728b) [PhysX] Initialized MultithreadedTaskDispatcher with 16 workers.
[PhysX] Initialized MultithreadedTaskDispatcher with 16 workers.
 -> (artifact id: '1475870ef130bf624e34f89ee34a8c8e') in 0.359372 seconds
Number of updated asset objects reloaded before import = 0
Number of asset objects unloaded after import = 2
========================================================================
Received Import Request.
  Time since last request: 0.001633 seconds.
  path: Assets/Resources/LS/FemaleDoctor/Ch11_1002_Diffuse.png
  artifactKey: Guid(9778ad7b397079943a63d68e6a480237) Importer(815301076,1909f56bfc062723c751e8b465ee728b)
Start importing Assets/Resources/LS/FemaleDoctor/Ch11_1002_Diffuse.png using Guid(9778ad7b397079943a63d68e6a480237) Importer(815301076,1909f56bfc062723c751e8b465ee728b) [PhysX] Initialized MultithreadedTaskDispatcher with 16 workers.
[PhysX] Initialized MultithreadedTaskDispatcher with 16 workers.
 -> (artifact id: '21dcc4caf5d897c68682f818cd86b255') in 0.470407 seconds
Number of updated asset objects reloaded before import = 0
Number of asset objects unloaded after import = 2
========================================================================
Received Import Request.
  Time since last request: 0.022303 seconds.
  path: Assets/VRTemplateAssets/Sprites/CoachingCards/Coaching Step 3.png
  artifactKey: Guid(a89d91b09ecb0164ab9d892915bfa299) Importer(815301076,1909f56bfc062723c751e8b465ee728b)
Start importing Assets/VRTemplateAssets/Sprites/CoachingCards/Coaching Step 3.png using Guid(a89d91b09ecb0164ab9d892915bfa299) Importer(815301076,1909f56bfc062723c751e8b465ee728b) [PhysX] Initialized MultithreadedTaskDispatcher with 16 workers.
[PhysX] Initialized MultithreadedTaskDispatcher with 16 workers.
 -> (artifact id: 'e68acd02121055496caf1ee151378046') in 0.492317 seconds
Number of updated asset objects reloaded before import = 0
Number of asset objects unloaded after import = 3
========================================================================
Received Import Request.
  Time since last request: 0.000058 seconds.
  path: Assets/Resources/Textures/CloseButton.png
  artifactKey: Guid(1d18bdda96f06c0499e75288ff302321) Importer(815301076,1909f56bfc062723c751e8b465ee728b)
Start importing Assets/Resources/Textures/CloseButton.png using Guid(1d18bdda96f06c0499e75288ff302321) Importer(815301076,1909f56bfc062723c751e8b465ee728b) [PhysX] Initialized MultithreadedTaskDispatcher with 16 workers.
[PhysX] Initialized MultithreadedTaskDispatcher with 16 workers.
 -> (artifact id: 'ce48397c03dc0b534b4bcfb552ca2e43') in 0.672890 seconds
Number of updated asset objects reloaded before import = 0
Number of asset objects unloaded after import = 3
========================================================================
Received Import Request.
  Time since last request: 0.000290 seconds.
  path: Assets/PUW_Assets/People/indianMan/textures/AvatarTeeth_Normal1_1K.jpeg
  artifactKey: Guid(605e2b19c1251e748a2d87923ab45813) Importer(815301076,1909f56bfc062723c751e8b465ee728b)
Start importing Assets/PUW_Assets/People/indianMan/textures/AvatarTeeth_Normal1_1K.jpeg using Guid(605e2b19c1251e748a2d87923ab45813) Importer(815301076,1909f56bfc062723c751e8b465ee728b) [PhysX] Initialized MultithreadedTaskDispatcher with 16 workers.
[PhysX] Initialized MultithreadedTaskDispatcher with 16 workers.
 -> (artifact id: '49c7c306a451cb2c82514473c90d5df6') in 0.256042 seconds
Number of updated asset objects reloaded before import = 0
Number of asset objects unloaded after import = 2
========================================================================
Received Import Request.
  Time since last request: 0.006776 seconds.
  path: Assets/PUW_Assets/DrinkATMS/Textures/Budweiser-logo-A0AB260E2C-seeklogo.com.png
  artifactKey: Guid(b4304c16b47b75144876fb6145fcd261) Importer(815301076,1909f56bfc062723c751e8b465ee728b)
Start importing Assets/PUW_Assets/DrinkATMS/Textures/Budweiser-logo-A0AB260E2C-seeklogo.com.png using Guid(b4304c16b47b75144876fb6145fcd261) Importer(815301076,1909f56bfc062723c751e8b465ee728b) [PhysX] Initialized MultithreadedTaskDispatcher with 16 workers.
[PhysX] Initialized MultithreadedTaskDispatcher with 16 workers.
 -> (artifact id: '8026b6fb3eff89d2d7bf0fa4a5223a18') in 0.432365 seconds
Number of updated asset objects reloaded before import = 0
Number of asset objects unloaded after import = 2
========================================================================
Received Import Request.
  Time since last request: 0.000185 seconds.
  path: Assets/Resources/PUW/RT_AV/AV_5.renderTexture
  artifactKey: Guid(ec7f2aea517855742b017209c488aed3) Importer(815301076,1909f56bfc062723c751e8b465ee728b)
Start importing Assets/Resources/PUW/RT_AV/AV_5.renderTexture using Guid(ec7f2aea517855742b017209c488aed3) Importer(815301076,1909f56bfc062723c751e8b465ee728b) [PhysX] Initialized MultithreadedTaskDispatcher with 16 workers.
[PhysX] Initialized MultithreadedTaskDispatcher with 16 workers.
 -> (artifact id: '9811cc7e80b2ad94a36cb32997300084') in 0.251297 seconds
Number of updated asset objects reloaded before import = 0
Number of asset objects unloaded after import = 2
========================================================================
Received Import Request.
  Time since last request: 0.009898 seconds.
  path: Assets/Resources/GB/Cheval Mirror/Models/Textures/Cheval Mirror 3/Cheval Mirror 3 BaseMap.png
  artifactKey: Guid(609aec4622818854a92976b66570d6c7) Importer(815301076,1909f56bfc062723c751e8b465ee728b)
Start importing Assets/Resources/GB/Cheval Mirror/Models/Textures/Cheval Mirror 3/Cheval Mirror 3 BaseMap.png using Guid(609aec4622818854a92976b66570d6c7) Importer(815301076,1909f56bfc062723c751e8b465ee728b) [PhysX] Initialized MultithreadedTaskDispatcher with 16 workers.
[PhysX] Initialized MultithreadedTaskDispatcher with 16 workers.
 -> (artifact id: '0d1e5cd92cb0e40d2b7fd5079a3fa957') in 1.096203 seconds
Number of updated asset objects reloaded before import = 0
Number of asset objects unloaded after import = 2
========================================================================
Received Import Request.
  Time since last request: 0.005885 seconds.
  path: Assets/Resources/GB/Cheval Mirror/Models/Textures/Cheval Mirror 1/Cheval Mirror 1 Normal.png
  artifactKey: Guid(de899e771a10142458466dfff11e6eeb) Importer(815301076,1909f56bfc062723c751e8b465ee728b)
Start importing Assets/Resources/GB/Cheval Mirror/Models/Textures/Cheval Mirror 1/Cheval Mirror 1 Normal.png using Guid(de899e771a10142458466dfff11e6eeb) Importer(815301076,1909f56bfc062723c751e8b465ee728b) [PhysX] Initialized MultithreadedTaskDispatcher with 16 workers.
[PhysX] Initialized MultithreadedTaskDispatcher with 16 workers.
 -> (artifact id: 'd4d4ac6faf563fd12bc31a40caddf2d7') in 0.622664 seconds
Number of updated asset objects reloaded before import = 0
Number of asset objects unloaded after import = 2
========================================================================
Received Import Request.
  Time since last request: 0.000848 seconds.
  path: Assets/VRTemplateAssets/Sprites/Icons/Chevron.png
  artifactKey: Guid(c587cac8808c8b745adbae420e9acc83) Importer(815301076,1909f56bfc062723c751e8b465ee728b)
Start importing Assets/VRTemplateAssets/Sprites/Icons/Chevron.png using Guid(c587cac8808c8b745adbae420e9acc83) Importer(815301076,1909f56bfc062723c751e8b465ee728b) [PhysX] Initialized MultithreadedTaskDispatcher with 16 workers.
[PhysX] Initialized MultithreadedTaskDispatcher with 16 workers.
 -> (artifact id: '82287c4122e54d6f47fde46ad13b8e80') in 0.966667 seconds
Number of updated asset objects reloaded before import = 0
Number of asset objects unloaded after import = 3
========================================================================
Received Import Request.
  Time since last request: 0.009260 seconds.
  path: Assets/Resources/LS/FemaleDoctor/Ch11_1001_Specular.png
  artifactKey: Guid(3bc8209a968b7824f896c9da2a37ad0d) Importer(815301076,1909f56bfc062723c751e8b465ee728b)
Start importing Assets/Resources/LS/FemaleDoctor/Ch11_1001_Specular.png using Guid(3bc8209a968b7824f896c9da2a37ad0d) Importer(815301076,1909f56bfc062723c751e8b465ee728b) [PhysX] Initialized MultithreadedTaskDispatcher with 16 workers.
[PhysX] Initialized MultithreadedTaskDispatcher with 16 workers.
 -> (artifact id: '07f0f8515f4111522122ef706bec7616') in 1.785605 seconds
Number of updated asset objects reloaded before import = 0
Number of asset objects unloaded after import = 2
========================================================================
Received Import Request.
  Time since last request: 0.000041 seconds.
  path: Assets/VRTemplateAssets/Sprites/UI/CircleMask.png
  artifactKey: Guid(79dfa83adcf72d541946168c849ba331) Importer(815301076,1909f56bfc062723c751e8b465ee728b)
Start importing Assets/VRTemplateAssets/Sprites/UI/CircleMask.png using Guid(79dfa83adcf72d541946168c849ba331) Importer(815301076,1909f56bfc062723c751e8b465ee728b) [PhysX] Initialized MultithreadedTaskDispatcher with 16 workers.
[PhysX] Initialized MultithreadedTaskDispatcher with 16 workers.
 -> (artifact id: 'eebab8a945b736c1d537b16ddee90f17') in 0.056749 seconds
Number of updated asset objects reloaded before import = 0
Number of asset objects unloaded after import = 3
========================================================================
Received Import Request.
  Time since last request: 0.000050 seconds.
  path: Assets/Resources/GB/Cheval Mirror/Models/Textures/Cheval Mirror 2/Cheval Mirror 2 BaseMap.png
  artifactKey: Guid(5478f9ecb536c30409ed7103607be28d) Importer(815301076,1909f56bfc062723c751e8b465ee728b)
Start importing Assets/Resources/GB/Cheval Mirror/Models/Textures/Cheval Mirror 2/Cheval Mirror 2 BaseMap.png using Guid(5478f9ecb536c30409ed7103607be28d) Importer(815301076,1909f56bfc062723c751e8b465ee728b) [PhysX] Initialized MultithreadedTaskDispatcher with 16 workers.
[PhysX] Initialized MultithreadedTaskDispatcher with 16 workers.
 -> (artifact id: '31afff3a231b48f7bbca03e4e2db655f') in 0.058629 seconds
Number of updated asset objects reloaded before import = 0
Number of asset objects unloaded after import = 2
========================================================================
Received Import Request.
  Time since last request: 0.000055 seconds.
  path: Assets/PUW_Assets/DrinkATMS/Textures/Captura de ecr╞ 2023-05-15 090351.png
  artifactKey: Guid(dbbced1aaa6bf0f4b90b8b2724a89b6d) Importer(815301076,1909f56bfc062723c751e8b465ee728b)
Start importing Assets/PUW_Assets/DrinkATMS/Textures/Captura de ecr╞ 2023-05-15 090351.png using Guid(dbbced1aaa6bf0f4b90b8b2724a89b6d) Importer(815301076,1909f56bfc062723c751e8b465ee728b) [PhysX] Initialized MultithreadedTaskDispatcher with 16 workers.
[PhysX] Initialized MultithreadedTaskDispatcher with 16 workers.
 -> (artifact id: 'f5fb7935788d4b6adf9eb934b3253d3b') in 0.032086 seconds
Number of updated asset objects reloaded before import = 0
Number of asset objects unloaded after import = 2
========================================================================
Received Import Request.
  Time since last request: 0.000049 seconds.
  path: Assets/VRTemplateAssets/Sprites/UI/Circle_60x60_Horizontal.png
  artifactKey: Guid(b342eb1e41a45ce41b5c7c684a17c465) Importer(815301076,1909f56bfc062723c751e8b465ee728b)
Start importing Assets/VRTemplateAssets/Sprites/UI/Circle_60x60_Horizontal.png using Guid(b342eb1e41a45ce41b5c7c684a17c465) Importer(815301076,1909f56bfc062723c751e8b465ee728b) [PhysX] Initialized MultithreadedTaskDispatcher with 16 workers.
[PhysX] Initialized MultithreadedTaskDispatcher with 16 workers.
 -> (artifact id: 'ab852e174d9a47da7c8b95099c8d1489') in 0.029329 seconds
Number of updated asset objects reloaded before import = 0
Number of asset objects unloaded after import = 3
========================================================================
Received Import Request.
  Time since last request: 0.000028 seconds.
  path: Assets/Resources/LS/Doctor/Chad/Ch16_1001_Specular.png
  artifactKey: Guid(3d432aa849e1f2746b33176fe674d856) Importer(815301076,1909f56bfc062723c751e8b465ee728b)
Start importing Assets/Resources/LS/Doctor/Chad/Ch16_1001_Specular.png using Guid(3d432aa849e1f2746b33176fe674d856) Importer(815301076,1909f56bfc062723c751e8b465ee728b) [PhysX] Initialized MultithreadedTaskDispatcher with 16 workers.
[PhysX] Initialized MultithreadedTaskDispatcher with 16 workers.
 -> (artifact id: '995fd9cc257bf4e8bcdde4990eaf31e4') in 0.065794 seconds
Number of updated asset objects reloaded before import = 0
Number of asset objects unloaded after import = 2
========================================================================
Received Import Request.
  Time since last request: 0.000039 seconds.
  path: Assets/Resources/LS/WaitingRoomChairs/BaseColor.png
  artifactKey: Guid(b021a04f41d841e4b808f788dcea25cd) Importer(815301076,1909f56bfc062723c751e8b465ee728b)
Start importing Assets/Resources/LS/WaitingRoomChairs/BaseColor.png using Guid(b021a04f41d841e4b808f788dcea25cd) Importer(815301076,1909f56bfc062723c751e8b465ee728b) [PhysX] Initialized MultithreadedTaskDispatcher with 16 workers.
[PhysX] Initialized MultithreadedTaskDispatcher with 16 workers.
 -> (artifact id: '8b01273ce89acd22b3703438e728b983') in 0.156065 seconds
Number of updated asset objects reloaded before import = 0
Number of asset objects unloaded after import = 2
========================================================================
Received Import Request.
  Time since last request: 0.000036 seconds.
  path: Assets/PUW_Assets/People/MaleDrinking/Ch01_1001_Glossiness.png
  artifactKey: Guid(d8870e5abc7b5324ba53083a4e9670f7) Importer(815301076,1909f56bfc062723c751e8b465ee728b)
Start importing Assets/PUW_Assets/People/MaleDrinking/Ch01_1001_Glossiness.png using Guid(d8870e5abc7b5324ba53083a4e9670f7) Importer(815301076,1909f56bfc062723c751e8b465ee728b) [PhysX] Initialized MultithreadedTaskDispatcher with 16 workers.
[PhysX] Initialized MultithreadedTaskDispatcher with 16 workers.
 -> (artifact id: 'a319256b97959ca561b04d43761d4c69') in 0.074844 seconds
Number of updated asset objects reloaded before import = 0
Number of asset objects unloaded after import = 2
========================================================================
Received Import Request.
  Time since last request: 0.000040 seconds.
  path: Assets/Resources/GB/Cheval Mirror/Models/Textures/Cheval Mirror 3/Cheval Mirror 3 MaskMap.png
  artifactKey: Guid(e96fd46744e13a94aba9b73e5935a323) Importer(815301076,1909f56bfc062723c751e8b465ee728b)
Start importing Assets/Resources/GB/Cheval Mirror/Models/Textures/Cheval Mirror 3/Cheval Mirror 3 MaskMap.png using Guid(e96fd46744e13a94aba9b73e5935a323) Importer(815301076,1909f56bfc062723c751e8b465ee728b) [PhysX] Initialized MultithreadedTaskDispatcher with 16 workers.
[PhysX] Initialized MultithreadedTaskDispatcher with 16 workers.
 -> (artifact id: '016704854e1a12d72a6e03d4cea80efe') in 0.064325 seconds
Number of updated asset objects reloaded before import = 0
Number of asset objects unloaded after import = 2
========================================================================
Received Import Request.
  Time since last request: 0.000031 seconds.
  path: Assets/PUW_Assets/CrushedCan3D/Textures/can_crushed_lowpoly_BaseColor_Opacity_2k.png
  artifactKey: Guid(c00aa3044d40e1a438002152242be458) Importer(815301076,1909f56bfc062723c751e8b465ee728b)
Start importing Assets/PUW_Assets/CrushedCan3D/Textures/can_crushed_lowpoly_BaseColor_Opacity_2k.png using Guid(c00aa3044d40e1a438002152242be458) Importer(815301076,1909f56bfc062723c751e8b465ee728b) [PhysX] Initialized MultithreadedTaskDispatcher with 16 workers.
[PhysX] Initialized MultithreadedTaskDispatcher with 16 workers.
 -> (artifact id: '402a5d2e46efbe2cd23d2c65ace2b7e9') in 0.057110 seconds
Number of updated asset objects reloaded before import = 0
Number of asset objects unloaded after import = 2
========================================================================
Received Import Request.
  Time since last request: 0.000157 seconds.
  path: Assets/Resources/Textures/Concrete slab_Height.png
  artifactKey: Guid(58502d91062c5294e8ed9cc0ee8ca40b) Importer(815301076,1909f56bfc062723c751e8b465ee728b)
Start importing Assets/Resources/Textures/Concrete slab_Height.png using Guid(58502d91062c5294e8ed9cc0ee8ca40b) Importer(815301076,1909f56bfc062723c751e8b465ee728b) [PhysX] Initialized MultithreadedTaskDispatcher with 16 workers.
[PhysX] Initialized MultithreadedTaskDispatcher with 16 workers.
 -> (artifact id: '16870453f9a4239c96d635bb5a06a587') in 0.077165 seconds
Number of updated asset objects reloaded before import = 0
Number of asset objects unloaded after import = 2
========================================================================
Received Import Request.
  Time since last request: 0.000047 seconds.
  path: Assets/PUW_Assets/People/male_110/bd1_tga.png
  artifactKey: Guid(1a943c6f2e094ed478078880c1a33d6e) Importer(815301076,1909f56bfc062723c751e8b465ee728b)
Start importing Assets/PUW_Assets/People/male_110/bd1_tga.png using Guid(1a943c6f2e094ed478078880c1a33d6e) Importer(815301076,1909f56bfc062723c751e8b465ee728b) [PhysX] Initialized MultithreadedTaskDispatcher with 16 workers.
[PhysX] Initialized MultithreadedTaskDispatcher with 16 workers.
 -> (artifact id: '1ffbe748d2961e064d0b9da883968992') in 0.039715 seconds
Number of updated asset objects reloaded before import = 0
Number of asset objects unloaded after import = 2
========================================================================
Received Import Request.
  Time since last request: 0.000057 seconds.
  path: Assets/Resources/LS/Doctor/Chad/Ch16_1002_Normal.png
  artifactKey: Guid(8a1b49173d852b64193056d91effc8c7) Importer(815301076,1909f56bfc062723c751e8b465ee728b)
Start importing Assets/Resources/LS/Doctor/Chad/Ch16_1002_Normal.png using Guid(8a1b49173d852b64193056d91effc8c7) Importer(815301076,1909f56bfc062723c751e8b465ee728b) [PhysX] Initialized MultithreadedTaskDispatcher with 16 workers.
[PhysX] Initialized MultithreadedTaskDispatcher with 16 workers.
 -> (artifact id: 'd702f922bd41fd07cdbe831bc7f04953') in 0.065055 seconds
Number of updated asset objects reloaded before import = 0
Number of asset objects unloaded after import = 2
========================================================================
Received Import Request.
  Time since last request: 0.000045 seconds.
  path: Assets/Resources/LS/FemaleDoctor/Ch11_1002_Normal.png
  artifactKey: Guid(15c3b4e5e6ae5e744a4c0dd4d3137d10) Importer(815301076,1909f56bfc062723c751e8b465ee728b)
Start importing Assets/Resources/LS/FemaleDoctor/Ch11_1002_Normal.png using Guid(15c3b4e5e6ae5e744a4c0dd4d3137d10) Importer(815301076,1909f56bfc062723c751e8b465ee728b) [PhysX] Initialized MultithreadedTaskDispatcher with 16 workers.
[PhysX] Initialized MultithreadedTaskDispatcher with 16 workers.
 -> (artifact id: 'e7421dcc1a0df4c37aaa7e200459fc40') in 0.067766 seconds
Number of updated asset objects reloaded before import = 0
Number of asset objects unloaded after import = 2
========================================================================
Received Import Request.
  Time since last request: 0.000055 seconds.
  path: Assets/Resources/LS/Doctor/Chad/Ch16_1002_Diffuse.png
  artifactKey: Guid(a6783cecfe994644786c35b73277a61a) Importer(815301076,1909f56bfc062723c751e8b465ee728b)
Start importing Assets/Resources/LS/Doctor/Chad/Ch16_1002_Diffuse.png using Guid(a6783cecfe994644786c35b73277a61a) Importer(815301076,1909f56bfc062723c751e8b465ee728b) [PhysX] Initialized MultithreadedTaskDispatcher with 16 workers.
[PhysX] Initialized MultithreadedTaskDispatcher with 16 workers.
 -> (artifact id: 'f126d404ca5bc2ca2b25d39ea95a6f1c') in 0.050266 seconds
Number of updated asset objects reloaded before import = 0
Number of asset objects unloaded after import = 2
========================================================================
Received Import Request.
  Time since last request: 9.253052 seconds.
  path: Assets/Resources/GB/Skulls/Tex/27_young_bear_albedo.jpeg
  artifactKey: Guid(42e7a334182d7464bbac49df1d8aa403) Importer(815301076,1909f56bfc062723c751e8b465ee728b)
Start importing Assets/Resources/GB/Skulls/Tex/27_young_bear_albedo.jpeg using Guid(42e7a334182d7464bbac49df1d8aa403) Importer(815301076,1909f56bfc062723c751e8b465ee728b) [PhysX] Initialized MultithreadedTaskDispatcher with 16 workers.
[PhysX] Initialized MultithreadedTaskDispatcher with 16 workers.
 -> (artifact id: '5b6356b2345714b52bf75e571377bb7f') in 0.024105 seconds
Number of updated asset objects reloaded before import = 0
Number of asset objects unloaded after import = 2
========================================================================
Received Import Request.
  Time since last request: 0.002758 seconds.
  path: Assets/Resources/GB/Skulls/Tex/29_lynx_albedo.jpeg
  artifactKey: Guid(eaa2b8b45f96f7942a25000a4ab5d285) Importer(815301076,1909f56bfc062723c751e8b465ee728b)
Start importing Assets/Resources/GB/Skulls/Tex/29_lynx_albedo.jpeg using Guid(eaa2b8b45f96f7942a25000a4ab5d285) Importer(815301076,1909f56bfc062723c751e8b465ee728b) [PhysX] Initialized MultithreadedTaskDispatcher with 16 workers.
[PhysX] Initialized MultithreadedTaskDispatcher with 16 workers.
 -> (artifact id: 'aa5cf2a988c0eafb4714bccf612c9fe7') in 0.036682 seconds
Number of updated asset objects reloaded before import = 0
Number of asset objects unloaded after import = 2
========================================================================
Received Import Request.
  Time since last request: 0.000040 seconds.
  path: Assets/Resources/GB/Skulls/Tex/32_bear_albedo.jpeg
  artifactKey: Guid(63eb8e12ba785b748a26c6e6f9dee09b) Importer(815301076,1909f56bfc062723c751e8b465ee728b)
Start importing Assets/Resources/GB/Skulls/Tex/32_bear_albedo.jpeg using Guid(63eb8e12ba785b748a26c6e6f9dee09b) Importer(815301076,1909f56bfc062723c751e8b465ee728b) [PhysX] Initialized MultithreadedTaskDispatcher with 16 workers.
[PhysX] Initialized MultithreadedTaskDispatcher with 16 workers.
 -> (artifact id: 'd45b475371b192b9c2b31bc27f92858a') in 0.050232 seconds
Number of updated asset objects reloaded before import = 0
Number of asset objects unloaded after import = 2
========================================================================
Received Import Request.
  Time since last request: 0.000044 seconds.
  path: Assets/Resources/GB/Skulls/Tex/33_deer_normals.jpeg
  artifactKey: Guid(f3c5c6dab24b26442a21d38e05a557db) Importer(815301076,1909f56bfc062723c751e8b465ee728b)
Start importing Assets/Resources/GB/Skulls/Tex/33_deer_normals.jpeg using Guid(f3c5c6dab24b26442a21d38e05a557db) Importer(815301076,1909f56bfc062723c751e8b465ee728b) [PhysX] Initialized MultithreadedTaskDispatcher with 16 workers.
[PhysX] Initialized MultithreadedTaskDispatcher with 16 workers.
 -> (artifact id: '107f77a25b59b06907bb36cdbc5fea63') in 0.034805 seconds
Number of updated asset objects reloaded before import = 0
Number of asset objects unloaded after import = 2
========================================================================
Received Import Request.
  Time since last request: 0.000026 seconds.
  path: Assets/Resources/LS/IVSupplies/All_Tools_normal.png
  artifactKey: Guid(8fe1983ed59e6d241a504e1546d17892) Importer(815301076,1909f56bfc062723c751e8b465ee728b)
Start importing Assets/Resources/LS/IVSupplies/All_Tools_normal.png using Guid(8fe1983ed59e6d241a504e1546d17892) Importer(815301076,1909f56bfc062723c751e8b465ee728b) [PhysX] Initialized MultithreadedTaskDispatcher with 16 workers.
[PhysX] Initialized MultithreadedTaskDispatcher with 16 workers.
 -> (artifact id: 'b438e18a9b716ed0ff80d87580687751') in 0.056823 seconds
Number of updated asset objects reloaded before import = 0
Number of asset objects unloaded after import = 2
========================================================================
Received Import Request.
  Time since last request: 0.000036 seconds.
  path: Assets/Resources/PUW/RT_AV/AV_1 1.renderTexture
  artifactKey: Guid(0d9d0bf1e2b9147479c8010d8c6839c3) Importer(815301076,1909f56bfc062723c751e8b465ee728b)
Start importing Assets/Resources/PUW/RT_AV/AV_1 1.renderTexture using Guid(0d9d0bf1e2b9147479c8010d8c6839c3) Importer(815301076,1909f56bfc062723c751e8b465ee728b) [PhysX] Initialized MultithreadedTaskDispatcher with 16 workers.
[PhysX] Initialized MultithreadedTaskDispatcher with 16 workers.
 -> (artifact id: 'b6bcd5b06470a7aed17f37a23f37419b') in 0.019594 seconds
Number of updated asset objects reloaded before import = 0
Number of asset objects unloaded after import = 2
========================================================================
Received Import Request.
  Time since last request: 0.000042 seconds.
  path: Assets/PUW_Assets/arcadeMachine/textures/asphalt-9-legends-small_feature.png
  artifactKey: Guid(42793693200576642a54d997e9ccff0c) Importer(815301076,1909f56bfc062723c751e8b465ee728b)
Start importing Assets/PUW_Assets/arcadeMachine/textures/asphalt-9-legends-small_feature.png using Guid(42793693200576642a54d997e9ccff0c) Importer(815301076,1909f56bfc062723c751e8b465ee728b) [PhysX] Initialized MultithreadedTaskDispatcher with 16 workers.
[PhysX] Initialized MultithreadedTaskDispatcher with 16 workers.
 -> (artifact id: '34c1f34b78627835a99e16adbfbb4a31') in 0.024346 seconds
Number of updated asset objects reloaded before import = 0
Number of asset objects unloaded after import = 2
========================================================================
Received Import Request.
  Time since last request: 0.000031 seconds.
  path: Assets/Samples/XR Interaction Toolkit/3.0.3/Starter Assets/DemoSceneAssets/Sprites/Asset.png
  artifactKey: Guid(17d565bb4a7744b41b7e4dc7e3a09e35) Importer(815301076,1909f56bfc062723c751e8b465ee728b)
Start importing Assets/Samples/XR Interaction Toolkit/3.0.3/Starter Assets/DemoSceneAssets/Sprites/Asset.png using Guid(17d565bb4a7744b41b7e4dc7e3a09e35) Importer(815301076,1909f56bfc062723c751e8b465ee728b) [PhysX] Initialized MultithreadedTaskDispatcher with 16 workers.
[PhysX] Initialized MultithreadedTaskDispatcher with 16 workers.
 -> (artifact id: '61662471bb94d870d77920ba7d96d2f3') in 0.019994 seconds
Number of updated asset objects reloaded before import = 0
Number of asset objects unloaded after import = 3
========================================================================
Received Import Request.
  Time since last request: 0.000027 seconds.
  path: Assets/PUW_Assets/Bills/200EU_Bill.jpg
  artifactKey: Guid(15e76e2549e8baa4f9226fca24e6b22e) Importer(815301076,1909f56bfc062723c751e8b465ee728b)
Start importing Assets/PUW_Assets/Bills/200EU_Bill.jpg using Guid(15e76e2549e8baa4f9226fca24e6b22e) Importer(815301076,1909f56bfc062723c751e8b465ee728b) [PhysX] Initialized MultithreadedTaskDispatcher with 16 workers.
[PhysX] Initialized MultithreadedTaskDispatcher with 16 workers.
 -> (artifact id: '59ef1eb9c36755979d9a37e2cbf8e358') in 0.070903 seconds
Number of updated asset objects reloaded before import = 0
Number of asset objects unloaded after import = 3
========================================================================
Received Import Request.
  Time since last request: 0.000063 seconds.
  path: Assets/Resources/GB/Skulls/Tex/02_woodchuck_albedo.jpeg
  artifactKey: Guid(e3b5d83f2c920f2439bae50b9a404580) Importer(815301076,1909f56bfc062723c751e8b465ee728b)
Start importing Assets/Resources/GB/Skulls/Tex/02_woodchuck_albedo.jpeg using Guid(e3b5d83f2c920f2439bae50b9a404580) Importer(815301076,1909f56bfc062723c751e8b465ee728b) [PhysX] Initialized MultithreadedTaskDispatcher with 16 workers.
[PhysX] Initialized MultithreadedTaskDispatcher with 16 workers.
 -> (artifact id: '511393fc3cb9b55e2f7fa2a07aa9cee7') in 0.041288 seconds
Number of updated asset objects reloaded before import = 0
Number of asset objects unloaded after import = 2
========================================================================
Received Import Request.
  Time since last request: 0.000038 seconds.
  path: Assets/Resources/GB/Skulls/Tex/32_bear_normals.jpeg
  artifactKey: Guid(ad3ba8d3ac6d2bb4e8a1f97beb58572c) Importer(815301076,1909f56bfc062723c751e8b465ee728b)
Start importing Assets/Resources/GB/Skulls/Tex/32_bear_normals.jpeg using Guid(ad3ba8d3ac6d2bb4e8a1f97beb58572c) Importer(815301076,1909f56bfc062723c751e8b465ee728b) [PhysX] Initialized MultithreadedTaskDispatcher with 16 workers.
[PhysX] Initialized MultithreadedTaskDispatcher with 16 workers.
 -> (artifact id: '195a7880c7d2466627d6ea5dab27b11f') in 0.031863 seconds
Number of updated asset objects reloaded before import = 0
Number of asset objects unloaded after import = 2
========================================================================
Received Import Request.
  Time since last request: 0.000041 seconds.
  path: Assets/Resources/GB/Skulls/Tex/09_cougar_albedo.jpeg
  artifactKey: Guid(920895f86d4e8ef4b96ec584a8f75e30) Importer(815301076,1909f56bfc062723c751e8b465ee728b)
Start importing Assets/Resources/GB/Skulls/Tex/09_cougar_albedo.jpeg using Guid(920895f86d4e8ef4b96ec584a8f75e30) Importer(815301076,1909f56bfc062723c751e8b465ee728b) [PhysX] Initialized MultithreadedTaskDispatcher with 16 workers.
[PhysX] Initialized MultithreadedTaskDispatcher with 16 workers.
 -> (artifact id: '5c0f832978ca1421d7f70abc80f3a3d3') in 0.038261 seconds
Number of updated asset objects reloaded before import = 0
Number of asset objects unloaded after import = 2
========================================================================
Received Import Request.
  Time since last request: 0.000043 seconds.
  path: Assets/Resources/GB/Skulls/Tex/12_jackrabbit_albedo.jpeg
  artifactKey: Guid(0714af86cc7f1c949b58f2d04ba4638a) Importer(815301076,1909f56bfc062723c751e8b465ee728b)
Start importing Assets/Resources/GB/Skulls/Tex/12_jackrabbit_albedo.jpeg using Guid(0714af86cc7f1c949b58f2d04ba4638a) Importer(815301076,1909f56bfc062723c751e8b465ee728b) [PhysX] Initialized MultithreadedTaskDispatcher with 16 workers.
[PhysX] Initialized MultithreadedTaskDispatcher with 16 workers.
 -> (artifact id: 'b01ef662a07322f324fef6d861b2f39c') in 0.031839 seconds
Number of updated asset objects reloaded before import = 0
Number of asset objects unloaded after import = 2
========================================================================
Received Import Request.
  Time since last request: 0.000061 seconds.
  path: Assets/Resources/LS/IVSupplies/All_Tools_opacity.jpeg
  artifactKey: Guid(dd113717288679840a5296152d6b1a11) Importer(815301076,1909f56bfc062723c751e8b465ee728b)
Start importing Assets/Resources/LS/IVSupplies/All_Tools_opacity.jpeg using Guid(dd113717288679840a5296152d6b1a11) Importer(815301076,1909f56bfc062723c751e8b465ee728b) [PhysX] Initialized MultithreadedTaskDispatcher with 16 workers.
[PhysX] Initialized MultithreadedTaskDispatcher with 16 workers.
 -> (artifact id: 'e3b2371b70e5ff411a26dcb11fefd831') in 0.041046 seconds
Number of updated asset objects reloaded before import = 0
Number of asset objects unloaded after import = 2
========================================================================
Received Import Request.
  Time since last request: 0.000038 seconds.
  path: Assets/Resources/GB/Skulls/Tex/18_cougar_albedo.jpeg
  artifactKey: Guid(7d1536b29d4ce1848b9909bff89b0506) Importer(815301076,1909f56bfc062723c751e8b465ee728b)
Start importing Assets/Resources/GB/Skulls/Tex/18_cougar_albedo.jpeg using Guid(7d1536b29d4ce1848b9909bff89b0506) Importer(815301076,1909f56bfc062723c751e8b465ee728b) [PhysX] Initialized MultithreadedTaskDispatcher with 16 workers.
[PhysX] Initialized MultithreadedTaskDispatcher with 16 workers.
 -> (artifact id: '70dda3917d9ed8381caca9d872a4d456') in 0.033084 seconds
Number of updated asset objects reloaded before import = 0
Number of asset objects unloaded after import = 2
========================================================================
Received Import Request.
  Time since last request: 0.000058 seconds.
  path: Assets/PUW_Assets/SlotMachinesUI/AutoSpinButton.png
  artifactKey: Guid(9596ea48e0e7bf0489e6819655b4e70b) Importer(815301076,1909f56bfc062723c751e8b465ee728b)
Start importing Assets/PUW_Assets/SlotMachinesUI/AutoSpinButton.png using Guid(9596ea48e0e7bf0489e6819655b4e70b) Importer(815301076,1909f56bfc062723c751e8b465ee728b) [PhysX] Initialized MultithreadedTaskDispatcher with 16 workers.
[PhysX] Initialized MultithreadedTaskDispatcher with 16 workers.
 -> (artifact id: 'ba42757443c337622d9ffd523d16a7ad') in 0.040758 seconds
Number of updated asset objects reloaded before import = 0
Number of asset objects unloaded after import = 3
========================================================================
Received Import Request.
  Time since last request: 0.000029 seconds.
  path: Assets/PUW_Assets/Bills/10EU_Bill.jpg
  artifactKey: Guid(8cca8c234a83df249906229bd85b7b3e) Importer(815301076,1909f56bfc062723c751e8b465ee728b)
Start importing Assets/PUW_Assets/Bills/10EU_Bill.jpg using Guid(8cca8c234a83df249906229bd85b7b3e) Importer(815301076,1909f56bfc062723c751e8b465ee728b) [PhysX] Initialized MultithreadedTaskDispatcher with 16 workers.
[PhysX] Initialized MultithreadedTaskDispatcher with 16 workers.
 -> (artifact id: 'ffcb4df858d6720fb96f5932776576e5') in 0.058442 seconds
Number of updated asset objects reloaded before import = 0
Number of asset objects unloaded after import = 3
========================================================================
Received Import Request.
  Time since last request: 0.000031 seconds.
  path: Assets/Resources/GB/Skulls/Tex/11_badger_albedo.jpeg
  artifactKey: Guid(383566c93c76a0e4e880d9dc426dc73f) Importer(815301076,1909f56bfc062723c751e8b465ee728b)
Start importing Assets/Resources/GB/Skulls/Tex/11_badger_albedo.jpeg using Guid(383566c93c76a0e4e880d9dc426dc73f) Importer(815301076,1909f56bfc062723c751e8b465ee728b) [PhysX] Initialized MultithreadedTaskDispatcher with 16 workers.
[PhysX] Initialized MultithreadedTaskDispatcher with 16 workers.
 -> (artifact id: '318c8a10cdd5600f8f072c9d14eabcaf') in 0.037629 seconds
Number of updated asset objects reloaded before import = 0
Number of asset objects unloaded after import = 2
========================================================================
Received Import Request.
  Time since last request: 0.000029 seconds.
  path: Assets/PUW_Assets/SlotMachinesUI/3Drectangle.png
  artifactKey: Guid(568cc1184cbd1144f87370fde2bc70e7) Importer(815301076,1909f56bfc062723c751e8b465ee728b)
Start importing Assets/PUW_Assets/SlotMachinesUI/3Drectangle.png using Guid(568cc1184cbd1144f87370fde2bc70e7) Importer(815301076,1909f56bfc062723c751e8b465ee728b) [PhysX] Initialized MultithreadedTaskDispatcher with 16 workers.
[PhysX] Initialized MultithreadedTaskDispatcher with 16 workers.
 -> (artifact id: '95180878667599cbc32aa37d961e0df4') in 0.059426 seconds
Number of updated asset objects reloaded before import = 0
Number of asset objects unloaded after import = 8
========================================================================
Received Import Request.
  Time since last request: 0.000042 seconds.
  path: Assets/Resources/GB/Skulls/Tex/01_hoary_marmot_albedo.jpeg
  artifactKey: Guid(e4320df6145dc7748bab0b6d98285ebc) Importer(815301076,1909f56bfc062723c751e8b465ee728b)
Start importing Assets/Resources/GB/Skulls/Tex/01_hoary_marmot_albedo.jpeg using Guid(e4320df6145dc7748bab0b6d98285ebc) Importer(815301076,1909f56bfc062723c751e8b465ee728b) [PhysX] Initialized MultithreadedTaskDispatcher with 16 workers.
[PhysX] Initialized MultithreadedTaskDispatcher with 16 workers.
 -> (artifact id: '7b1c8792ca674d50fd2f9adb9ea92335') in 0.037167 seconds
Number of updated asset objects reloaded before import = 0
Number of asset objects unloaded after import = 2
Editor requested this worker to shutdown with reason: Scaling down because of idle timeout
TcpMessagingSession - receive error: operation aborted. errorcode: 995, details: The I/O operation has been aborted because of either a thread exit or an application request.
AssetImportWorker is now disconnected from the server
Process exiting
Exiting without the bug reporter. Application will terminate with return code 0